Archive member included to satisfy reference by file (symbol)

../../libDaisy/build\libdaisy.a(usbh_midi.o)
                              build/SYNTHMACHINE.o (USBH_midi)
../../libDaisy/build\libdaisy.a(usbh_core.o)
                              ../../libDaisy/build\libdaisy.a(usbh_midi.o) (USBH_SelectInterface)
../../libDaisy/build\libdaisy.a(usbh_ctlreq.o)
                              ../../libDaisy/build\libdaisy.a(usbh_core.o) (USBH_Get_DevDesc)
../../libDaisy/build\libdaisy.a(usbh_ioreq.o)
                              ../../libDaisy/build\libdaisy.a(usbh_ctlreq.o) (USBH_CtlSendSetup)
../../libDaisy/build\libdaisy.a(usbh_pipes.o)
                              ../../libDaisy/build\libdaisy.a(usbh_midi.o) (USBH_OpenPipe)
../../libDaisy/build\libdaisy.a(daisy_seed.o)
                              build/SYNTHMACHINE.o (daisy::DaisySeed::SetLed(bool))
../../libDaisy/build\libdaisy.a(codec_ak4556.o)
                              ../../libDaisy/build\libdaisy.a(daisy_seed.o) (daisy::Ak4556::Init(daisy::Pin))
../../libDaisy/build\libdaisy.a(codec_wm8731.o)
                              ../../libDaisy/build\libdaisy.a(daisy_seed.o) (daisy::Wm8731::Init(daisy::Wm8731::Config const&, daisy::I2CHandle))
../../libDaisy/build\libdaisy.a(sdram.o)
                              ../../libDaisy/build\libdaisy.a(daisy_seed.o) (SdramHandle::Init())
../../libDaisy/build\libdaisy.a(audio.o)
                              ../../libDaisy/build\libdaisy.a(daisy_seed.o) (daisy::AudioHandle::Init(daisy::AudioHandle::Config const&, daisy::SaiHandle))
../../libDaisy/build\libdaisy.a(midi_parser.o)
                              build/SYNTHMACHINE.o (daisy::MidiParser::Parse(unsigned char, daisy::MidiEvent*))
../../libDaisy/build\libdaisy.a(usb_host.o)
                              build/SYNTHMACHINE.o (daisy::USBHostHandle::RegisterClass(USBH_ClassTypeDef*))
../../libDaisy/build\libdaisy.a(usb_midi.o)
                              build/SYNTHMACHINE.o (daisy::MidiUsbTransport::Init(daisy::MidiUsbTransport::Config))
../../libDaisy/build\libdaisy.a(gpio.o)
                              ../../libDaisy/build\libdaisy.a(daisy_seed.o) (daisy::GPIO::Init(daisy::GPIO::Config const&))
../../libDaisy/build\libdaisy.a(i2c.o)
                              build/SYNTHMACHINE.o (daisy::I2CHandle::Init(daisy::I2CHandle::Config const&))
../../libDaisy/build\libdaisy.a(qspi.o)
                              ../../libDaisy/build\libdaisy.a(daisy_seed.o) (daisy::QSPIHandle::Init(daisy::QSPIHandle::Config const&))
../../libDaisy/build\libdaisy.a(sai.o)
                              ../../libDaisy/build\libdaisy.a(daisy_seed.o) (daisy::SaiHandle::Init(daisy::SaiHandle::Config const&))
../../libDaisy/build\libdaisy.a(tim.o)
                              build/SYNTHMACHINE.o (daisy::TimerHandle::Init(daisy::TimerHandle::Config const&))
../../libDaisy/build\libdaisy.a(system.o)
                              ../../libDaisy/build\libdaisy.a(daisy_seed.o) (daisy::System::DeInit())
../../libDaisy/build\libdaisy.a(usbd_conf.o)
                              ../../libDaisy/build\libdaisy.a(system.o) (hpcd_USB_OTG_HS)
../../libDaisy/build\libdaisy.a(usbh_conf.o)
                              ../../libDaisy/build\libdaisy.a(usbh_core.o) (USBH_LL_Init)
../../libDaisy/build\libdaisy.a(stm32h7xx_hal.o)
                              ../../libDaisy/build\libdaisy.a(system.o) (HAL_Init)
../../libDaisy/build\libdaisy.a(stm32h7xx_hal_cortex.o)
                              ../../libDaisy/build\libdaisy.a(stm32h7xx_hal.o) (HAL_NVIC_SetPriorityGrouping)
../../libDaisy/build\libdaisy.a(stm32h7xx_hal_dma.o)
                              ../../libDaisy/build\libdaisy.a(i2c.o) (HAL_DMA_Init)
../../libDaisy/build\libdaisy.a(stm32h7xx_hal_gpio.o)
                              ../../libDaisy/build\libdaisy.a(sdram.o) (HAL_GPIO_Init)
../../libDaisy/build\libdaisy.a(stm32h7xx_hal_hcd.o)
                              ../../libDaisy/build\libdaisy.a(usbh_conf.o) (HAL_HCD_HC_Init)
../../libDaisy/build\libdaisy.a(stm32h7xx_hal_i2c.o)
                              ../../libDaisy/build\libdaisy.a(i2c.o) (HAL_I2C_Init)
../../libDaisy/build\libdaisy.a(stm32h7xx_hal_i2c_ex.o)
                              ../../libDaisy/build\libdaisy.a(i2c.o) (HAL_I2CEx_ConfigAnalogFilter)
../../libDaisy/build\libdaisy.a(stm32h7xx_hal_pcd.o)
                              ../../libDaisy/build\libdaisy.a(usbd_conf.o) (HAL_PCD_Init)
../../libDaisy/build\libdaisy.a(stm32h7xx_hal_pcd_ex.o)
                              ../../libDaisy/build\libdaisy.a(usbd_conf.o) (HAL_PCDEx_SetTxFiFo)
../../libDaisy/build\libdaisy.a(stm32h7xx_hal_pwr_ex.o)
                              ../../libDaisy/build\libdaisy.a(system.o) (HAL_PWREx_ConfigSupply)
../../libDaisy/build\libdaisy.a(stm32h7xx_hal_qspi.o)
                              ../../libDaisy/build\libdaisy.a(qspi.o) (HAL_QSPI_Init)
../../libDaisy/build\libdaisy.a(stm32h7xx_hal_rcc.o)
[...]
Memory Configuration

Name             Origin             Length             Attributes
FLASH            0x08000000         0x00020000         xr
DTCMRAM          0x20000000         0x00020000         xrw
SRAM             0x24000000         0x00078000         xrw
RAM_D2_DMA       0x30000000         0x00008000         xrw
RAM_D2           0x30008000         0x00040000         xrw
RAM_D3           0x38000000         0x00010000         xrw
BACKUP_SRAM      0x38800000         0x00001000         xrw
ITCMRAM          0x00000000         0x00010000         xrw
SDRAM            0xc0000000         0x04000000         xrw
QSPIFLASH        0x90040000         0x007c0000         xr
*default*        0x00000000         0xffffffff

Linker script and memory map

LOAD c:/program files/daisytoolchain/bin/../lib/gcc/arm-none-eabi/10.2.1/thumb/v7e-m+dp/hard/crti.o
LOAD c:/program files/daisytoolchain/bin/../lib/gcc/arm-none-eabi/10.2.1/thumb/v7e-m+dp/hard/crtbegin.o
LOAD c:/program files/daisytoolchain/bin/../lib/gcc/arm-none-eabi/10.2.1/../../../../arm-none-eabi/lib/thumb/v7e-m+dp/hard/crt0.o
LOAD build/startup_stm32h750xx.o
LOAD build/SYNTHMACHINE.o
LOAD ../../libDaisy/build\libdaisy.a
LOAD c:/program files/daisytoolchain/bin/../lib/gcc/arm-none-eabi/10.2.1/../../../../arm-none-eabi/lib/thumb/v7e-m+dp/hard\libnosys.a
LOAD ../../DaisySP/build\libdaisysp.a
LOAD c:/program files/daisytoolchain/bin/../lib/gcc/arm-none-eabi/10.2.1/../../../../arm-none-eabi/lib/thumb/v7e-m+dp/hard\libstdc++_nano.a
LOAD c:/program files/daisytoolchain/bin/../lib/gcc/arm-none-eabi/10.2.1/../../../../arm-none-eabi/lib/thumb/v7e-m+dp/hard\libm.a
LOAD c:/program files/daisytoolchain/bin/../lib/gcc/arm-none-eabi/10.2.1/../../../../arm-none-eabi/lib/thumb/v7e-m+dp/hard\libc_nano.a
START GROUP
LOAD c:/program files/daisytoolchain/bin/../lib/gcc/arm-none-eabi/10.2.1/thumb/v7e-m+dp/hard\libgcc.a
LOAD c:/program files/daisytoolchain/bin/../lib/gcc/arm-none-eabi/10.2.1/../../../../arm-none-eabi/lib/thumb/v7e-m+dp/hard\libc_nano.a
END GROUP
START GROUP
LOAD c:/program files/daisytoolchain/bin/../lib/gcc/arm-none-eabi/10.2.1/thumb/v7e-m+dp/hard\libgcc.a
LOAD c:/program files/daisytoolchain/bin/../lib/gcc/arm-none-eabi/10.2.1/../../../../arm-none-eabi/lib/thumb/v7e-m+dp/hard\libc_nano.a
LOAD c:/program files/daisytoolchain/bin/../lib/gcc/arm-none-eabi/10.2.1/../../../../arm-none-eabi/lib/thumb/v7e-m+dp/hard\libnosys.a
END GROUP
START GROUP
LOAD c:/program files/daisytoolchain/bin/../lib/gcc/arm-none-eabi/10.2.1/thumb/v7e-m+dp/hard\libgcc.a
LOAD c:/program files/daisytoolchain/bin/../lib/gcc/arm-none-eabi/10.2.1/../../../../arm-none-eabi/lib/thumb/v7e-m+dp/hard\libc_nano.a
LOAD c:/program files/daisytoolchain/bin/../lib/gcc/arm-none-eabi/10.2.1/../../../../arm-none-eabi/lib/thumb/v7e-m+dp/hard\libnosys.a
END GROUP
LOAD c:/program files/daisytoolchain/bin/../lib/gcc/arm-none-eabi/10.2.1/thumb/v7e-m+dp/hard/crtend.o
LOAD c:/program files/daisytoolchain/bin/../lib/gcc/arm-none-eabi/10.2.1/thumb/v7e-m+dp/hard/crtn.o
                0x20020000                _estack = 0x20020000

.isr_vector     0x24000000      0x298
                0x24000000                . = ALIGN (0x4)
 *(.isr_vector)
 .isr_vector    0x24000000      0x298 build/startup_stm32h750xx.o
                0x24000000                g_pfnVectors
                0x24000298                . = ALIGN (0x4)

.text           0x240002a0    0x167b0
                0x240002a0                . = ALIGN (0x4)
                0x240002a0                _stext = .
 *(.text)
 .text          0x240002a0       0x40 c:/program files/daisytoolchain/bin/../lib/gcc/arm-none-eabi/10.2.1/thumb/v7e-m+dp/hard/crtbegin.o
 .text          0x240002e0       0xa0 c:/program files/daisytoolchain/bin/../lib/gcc/arm-none-eabi/10.2.1/../../../../arm-none-eabi/lib/thumb/v7e-m+dp/hard\libc_nano.a(lib_a-memchr.o)
                0x240002e0                memchr
 .text          0x24000380       0x30 c:/program files/daisytoolchain/bin/../lib/gcc/arm-none-eabi/10.2.1/thumb/v7e-m+dp/hard\libgcc.a(_aeabi_uldivmod.o)
                0x24000380                __aeabi_uldivmod
 .text          0x240003b0      0x2d0 c:/program files/daisytoolchain/bin/../lib/gcc/arm-none-eabi/10.2.1/thumb/v7e-m+dp/hard\libgcc.a(_udivmoddi4.o)
                0x240003b0                __udivmoddi4
 .text          0x24000680        0x4 c:/program files/daisytoolchain/bin/../lib/gcc/arm-none-eabi/10.2.1/thumb/v7e-m+dp/hard\libgcc.a(_dvmd_tls.o)
                0x24000680                __aeabi_idiv0
                0x24000680                __aeabi_ldiv0
 *(.text*)
 .text.Default_Handler
                0x24000684        0xc build/startup_stm32h750xx.o
                0x24000684                RTC_Alarm_IRQHandler
                0x24000684                HASH_RNG_IRQHandler
                0x24000684                EXTI2_IRQHandler
                0x24000684                TIM8_CC_IRQHandler
                0x24000684                HRTIM1_Master_IRQHandler
                0x24000684                DebugMon_Handler
                0x24000684                TIM1_CC_IRQHandler
                0x24000684                BDMA_Channel6_IRQHandler
                0x24000684                DMA2_Stream5_IRQHandler
                0x24000684                HRTIM1_FLT_IRQHandler
                0x24000684                JPEG_IRQHandler
                0x24000684                BDMA_Channel1_IRQHandler
                0x24000684                HRTIM1_TIMD_IRQHandler
                0x24000684                TAMP_STAMP_IRQHandler
                0x24000684                PendSV_Handler
                0x24000684                NMI_Handler
                0x24000684                EXTI3_IRQHandler
                0x24000684                LPTIM4_IRQHandler
                0x24000684                TIM8_TRG_COM_TIM14_IRQHandler
                0x24000684                LPTIM2_IRQHandler
                0x24000684                DFSDM1_FLT1_IRQHandler
                0x24000684                DMAMUX2_OVR_IRQHandler
                0x24000684                TIM8_UP_TIM13_IRQHandler
                0x24000684                I2C3_ER_IRQHandler
                0x24000684                DFSDM1_FLT2_IRQHandler
                0x24000684                MDMA_IRQHandler
                0x24000684                LPTIM3_IRQHandler
                0x24000684                HSEM1_IRQHandler
                0x24000684                EXTI0_IRQHandler
                0x24000684                DMA1_Stream2_IRQHandler
                0x24000684                FPU_IRQHandler
                0x24000684                OTG_HS_WKUP_IRQHandler
                0x24000684                FDCAN1_IT1_IRQHandler
                0x24000684                UsageFault_Handler
                0x24000684                LTDC_ER_IRQHandler
                0x24000684                HRTIM1_TIME_IRQHandler
                0x24000684                TIM6_DAC_IRQHandler
                0x24000684                DCMI_IRQHandler
                0x24000684                HRTIM1_TIMC_IRQHandler
                0x24000684                SAI2_IRQHandler
                0x24000684                DFSDM1_FLT3_IRQHandler
                0x24000684                TIM17_IRQHandler
                0x24000684                CRYP_IRQHandler
                0x24000684                BDMA_Channel7_IRQHandler
                0x24000684                LPTIM5_IRQHandler
                0x24000684                ADC3_IRQHandler
                0x24000684                DMA2_Stream0_IRQHandler
                0x24000684                BDMA_Channel2_IRQHandler
                0x24000684                DMAMUX1_OVR_IRQHandler
                0x24000684                TIM16_IRQHandler
                0x24000684                BDMA_Channel5_IRQHandler
                0x24000684                RCC_IRQHandler
                0x24000684                TIM8_BRK_TIM12_IRQHandler
                0x24000684                TIM1_TRG_COM_IRQHandler
                0x24000684                Default_Handler
                0x24000684                ECC_IRQHandler
                0x24000684                CEC_IRQHandler
                0x24000684                EXTI15_10_IRQHandler
                0x24000684                BDMA_Channel0_IRQHandler
                0x24000684                ADC_IRQHandler
                0x24000684                DMA1_Stream7_IRQHandler
                0x24000684                HRTIM1_TIMA_IRQHandler
                0x24000684                TIM7_IRQHandler
                0x24000684                SDMMC1_IRQHandler
                0x24000684                DMA2_Stream7_IRQHandler
                0x24000684                TIM15_IRQHandler
                0x24000684                PVD_AVD_IRQHandler
                0x24000684                EXTI9_5_IRQHandler
                0x24000684                RTC_WKUP_IRQHandler
                0x24000684                LTDC_IRQHandler
                0x24000684                SAI3_IRQHandler
                0x24000684                ETH_WKUP_IRQHandler
                0x24000684                SPDIF_RX_IRQHandler
                0x24000684                MemManage_Handler
                0x24000684                SVC_Handler
                0x24000684                CRS_IRQHandler
                0x24000684                EXTI4_IRQHandler
                0x24000684                HRTIM1_TIMB_IRQHandler
                0x24000684                FDCAN2_IT1_IRQHandler
                0x24000684                ETH_IRQHandler
                0x24000684                TIM1_UP_IRQHandler
                0x24000684                BDMA_Channel4_IRQHandler
                0x24000684                WWDG_IRQHandler
                0x24000684                SPI6_IRQHandler
                0x24000684                I2C4_EV_IRQHandler
                0x24000684                MDIOS_IRQHandler
                0x24000684                FDCAN2_IT0_IRQHandler
                0x24000684                FDCAN1_IT0_IRQHandler
                0x24000684                OTG_FS_WKUP_IRQHandler
                0x24000684                DMA2D_IRQHandler
                0x24000684                TIM1_BRK_IRQHandler
                0x24000684                EXTI1_IRQHandler
                0x24000684                SDMMC2_IRQHandler
                0x24000684                BDMA_Channel3_IRQHandler
                0x24000684                MDIOS_WKUP_IRQHandler
                0x24000684                DFSDM1_FLT0_IRQHandler
                0x24000684                SAI4_IRQHandler
                0x24000684                I2C2_ER_IRQHandler
                0x24000684                DMA2_Stream1_IRQHandler
                0x24000684                FLASH_IRQHandler
                0x24000684                BusFault_Handler
                0x24000684                WAKEUP_PIN_IRQHandler
                0x24000684                I2C1_ER_IRQHandler
                0x24000684                FMC_IRQHandler
                0x24000684                FDCAN_CAL_IRQHandler
                0x24000684                SWPMI1_IRQHandler
                0x24000684                COMP1_IRQHandler
                0x24000684                LPTIM1_IRQHandler
                0x24000684                I2C4_ER_IRQHandler
                0x24000684                DMA2_Stream6_IRQHandler
                0x24000684                SAI1_IRQHandler
 .text.Reset_Handler
                0x24000690       0x40 build/startup_stm32h750xx.o
                0x24000690                Reset_Handler
 .text._ZN5daisy9DaisySeedD2Ev
                0x240006d0        0x4 build/SYNTHMACHINE.o
                0x240006d0                daisy::DaisySeed::~DaisySeed()
                0x240006d0                daisy::DaisySeed::~DaisySeed()
 .text._Z12USBH_ConnectPv
                0x240006d4        0x4 build/SYNTHMACHINE.o
                0x240006d4                USBH_Connect(void*)
 .text._ZN5daisy4FIFOINS_9MidiEventELj128EED2Ev
                0x240006d8        0x4 build/SYNTHMACHINE.o
                0x240006d8                daisy::FIFO<daisy::MidiEvent, 128u>::~FIFO()
                0x240006d8                daisy::FIFO<daisy::MidiEvent, 128u>::~FIFO()
 .text._ZN5daisy11MidiHandlerINS_16MidiUsbTransportEED2Ev
                0x240006dc        0x4 build/SYNTHMACHINE.o
                0x240006dc                daisy::MidiHandler<daisy::MidiUsbTransport>::~MidiHandler()
                0x240006dc                daisy::MidiHandler<daisy::MidiUsbTransport>::~MidiHandler()
 .text._Z16USBH_ClassActivePv
                0x240006e0       0x48 build/SYNTHMACHINE.o
                0x240006e0                USBH_ClassActive(void*)
 .text._ZN5daisy11MidiHandlerINS_16MidiUsbTransportEE13ParseCallbackEPhjPv
                0x24000728       0x74 build/SYNTHMACHINE.o
                0x24000728                daisy::MidiHandler<daisy::MidiUsbTransport>::ParseCallback(unsigned char*, unsigned int, void*)
 .text._Z15USBH_DisconnectPv
                0x2400079c        0x4 build/SYNTHMACHINE.o
                0x2400079c                USBH_Disconnect(void*)
 .text._Z10USBH_ErrorPv
                0x240007a0        0x4 build/SYNTHMACHINE.o
                0x240007a0                USBH_Error(void*)
 .text._Z19DAC_I2C_MULTI_WRITEhPhPtS_hN5daisy9I2CHandleE
                0x240007a4       0x70 build/SYNTHMACHINE.o
                0x240007a4                DAC_I2C_MULTI_WRITE(unsigned char, unsigned char*, unsigned short*, unsigned char*, unsigned char, daisy::I2CHandle)
 *fill*         0x24000814        0x4 
 .text.startup.main
                0x24000818      0x44c build/SYNTHMACHINE.o
                0x24000818                main
 .text.startup._GLOBAL__sub_I_hw
                0x24000c64       0xb4 build/SYNTHMACHINE.o
 .text.USBH_MIDI_ClassRequest
                0x24000d18       0x10 ../../libDaisy/build\libdaisy.a(usbh_midi.o)
 .text.USBH_MIDI_SOFProcess
                0x24000d28        0x4 ../../libDaisy/build\libdaisy.a(usbh_midi.o)
 .text.USBH_MIDI_InterfaceDeInit
                0x24000d2c       0x50 ../../libDaisy/build\libdaisy.a(usbh_midi.o)
 .text.USBH_MIDI_InterfaceInit
                0x24000d7c      0x110 ../../libDaisy/build\libdaisy.a(usbh_midi.o)
 .text.USBH_MIDI_Process
                0x24000e8c       0xe0 ../../libDaisy/build\libdaisy.a(usbh_midi.o)
 .text.USBH_MIDI_SetReceiveCallback
                0x24000f6c        0xc ../../libDaisy/build\libdaisy.a(usbh_midi.o)
                0x24000f6c                USBH_MIDI_SetReceiveCallback
 .text.USBH_Init
                0x24000f78       0x6c ../../libDaisy/build\libdaisy.a(usbh_core.o)
                0x24000f78                USBH_Init
 .text.USBH_DeInit
                0x24000fe4       0x60 ../../libDaisy/build\libdaisy.a(usbh_core.o)
                0x24000fe4                USBH_DeInit
 .text.USBH_RegisterClass
                0x24001044       0x28 ../../libDaisy/build\libdaisy.a(usbh_core.o)
                0x24001044                USBH_RegisterClass
 .text.USBH_SelectInterface
                0x2400106c       0x18 ../../libDaisy/build\libdaisy.a(usbh_core.o)
                0x2400106c                USBH_SelectInterface
 .text.USBH_FindInterface
                0x24001084       0x64 ../../libDaisy/build\libdaisy.a(usbh_core.o)
                0x24001084                USBH_FindInterface
 .text.USBH_Start
                0x240010e8       0x14 ../../libDaisy/build\libdaisy.a(usbh_core.o)
                0x240010e8                USBH_Start
 .text.USBH_Stop
                0x240010fc       0x24 ../../libDaisy/build\libdaisy.a(usbh_core.o)
                0x240010fc                USBH_Stop
 .text.USBH_Process
                0x24001120      0x484 ../../libDaisy/build\libdaisy.a(usbh_core.o)
                0x24001120                USBH_Process
 .text.USBH_LL_SetTimer
                0x240015a4        0x8 ../../libDaisy/build\libdaisy.a(usbh_core.o)
                0x240015a4                USBH_LL_SetTimer
 .text.USBH_LL_IncTimer
                0x240015ac       0x20 ../../libDaisy/build\libdaisy.a(usbh_core.o)
                0x240015ac                USBH_LL_IncTimer
 .text.USBH_LL_PortEnabled
                0x240015cc        0x8 ../../libDaisy/build\libdaisy.a(usbh_core.o)
                0x240015cc                USBH_LL_PortEnabled
 .text.USBH_LL_PortDisabled
                0x240015d4        0x8 ../../libDaisy/build\libdaisy.a(usbh_core.o)
                0x240015d4                USBH_LL_PortDisabled
 .text.USBH_LL_Connect
                0x240015dc       0x18 ../../libDaisy/build\libdaisy.a(usbh_core.o)
                0x240015dc                USBH_LL_Connect
 .text.USBH_LL_Disconnect
                0x240015f4       0x2c ../../libDaisy/build\libdaisy.a(usbh_core.o)
                0x240015f4                USBH_LL_Disconnect
 .text.USBH_CtlReq.part.0
                0x24001620      0x194 ../../libDaisy/build\libdaisy.a(usbh_ctlreq.o)
 .text.USBH_Get_DevDesc
                0x240017b4      0x204 ../../libDaisy/build\libdaisy.a(usbh_ctlreq.o)
                0x240017b4                USBH_Get_DevDesc
 .text.USBH_Get_CfgDesc
                0x240019b8      0x13c ../../libDaisy/build\libdaisy.a(usbh_ctlreq.o)
                0x240019b8                USBH_Get_CfgDesc
 .text.USBH_Get_StringDesc
                0x24001af4       0x7c ../../libDaisy/build\libdaisy.a(usbh_ctlreq.o)
                0x24001af4                USBH_Get_StringDesc
 .text.USBH_SetAddress
                0x24001b70      0x1b4 ../../libDaisy/build\libdaisy.a(usbh_ctlreq.o)
                0x24001b70                USBH_SetAddress
 .text.USBH_SetCfg
                0x24001d24      0x1b4 ../../libDaisy/build\libdaisy.a(usbh_ctlreq.o)
                0x24001d24                USBH_SetCfg
 .text.USBH_SetFeature
                0x24001ed8      0x1b4 ../../libDaisy/build\libdaisy.a(usbh_ctlreq.o)
                0x24001ed8                USBH_SetFeature
 .text.USBH_ClrFeature
                0x2400208c      0x1b4 ../../libDaisy/build\libdaisy.a(usbh_ctlreq.o)
                0x2400208c                USBH_ClrFeature
 .text.USBH_CtlSendSetup
                0x24002240       0x20 ../../libDaisy/build\libdaisy.a(usbh_ioreq.o)
                0x24002240                USBH_CtlSendSetup
 .text.USBH_CtlSendData
                0x24002260       0x34 ../../libDaisy/build\libdaisy.a(usbh_ioreq.o)
                0x24002260                USBH_CtlSendData
 .text.USBH_CtlReceiveData
                0x24002294       0x20 ../../libDaisy/build\libdaisy.a(usbh_ioreq.o)
                0x24002294                USBH_CtlReceiveData
 .text.USBH_BulkReceiveData
                0x240022b4       0x20 ../../libDaisy/build\libdaisy.a(usbh_ioreq.o)
                0x240022b4                USBH_BulkReceiveData
 .text.USBH_OpenPipe
                0x240022d4       0x20 ../../libDaisy/build\libdaisy.a(usbh_pipes.o)
                0x240022d4                USBH_OpenPipe
 .text.USBH_ClosePipe
                0x240022f4        0xc ../../libDaisy/build\libdaisy.a(usbh_pipes.o)
                0x240022f4                USBH_ClosePipe
 .text.USBH_AllocPipe
                0x24002300       0x98 ../../libDaisy/build\libdaisy.a(usbh_pipes.o)
                0x24002300                USBH_AllocPipe
 .text.USBH_FreePipe
                0x24002398       0x18 ../../libDaisy/build\libdaisy.a(usbh_pipes.o)
                0x24002398                USBH_FreePipe
 .text._ZN5daisy9DaisySeed6SetLedEb
                0x240023b0        0x8 ../../libDaisy/build\libdaisy.a(daisy_seed.o)
                0x240023b0                daisy::DaisySeed::SetLed(bool)
 .text._ZN5daisy9DaisySeed17CheckBoardVersionEv
                0x240023b8       0x6c ../../libDaisy/build\libdaisy.a(daisy_seed.o)
                0x240023b8                daisy::DaisySeed::CheckBoardVersion()
 .text._ZN5daisy9DaisySeed14ConfigureAudioEv
                0x24002424      0x110 ../../libDaisy/build\libdaisy.a(daisy_seed.o)
                0x24002424                daisy::DaisySeed::ConfigureAudio()
 .text._ZN5daisy9DaisySeed4InitEb
                0x24002534      0x104 ../../libDaisy/build\libdaisy.a(daisy_seed.o)
                0x24002534                daisy::DaisySeed::Init(bool)
 .text._ZN5daisy6Ak45564InitENS_3PinE
                0x24002638       0x44 ../../libDaisy/build\libdaisy.a(codec_ak4556.o)
                0x24002638                daisy::Ak4556::Init(daisy::Pin)
 .text._ZN5daisy6Wm873120WriteControlRegisterEht
                0x2400267c       0x3c ../../libDaisy/build\libdaisy.a(codec_wm8731.o)
                0x2400267c                daisy::Wm8731::WriteControlRegister(unsigned char, unsigned short)
 .text._ZN5daisy6Wm87314InitERKNS0_6ConfigENS_9I2CHandleE
                0x240026b8      0x1bc ../../libDaisy/build\libdaisy.a(codec_wm8731.o)
                0x240026b8                daisy::Wm8731::Init(daisy::Wm8731::Config const&, daisy::I2CHandle)
 .text._ZN11SdramHandle10DeviceInitEv
                0x24002874       0x98 ../../libDaisy/build\libdaisy.a(sdram.o)
                0x24002874                SdramHandle::DeviceInit()
 .text._ZN11SdramHandle4InitEv
                0x2400290c       0x7c ../../libDaisy/build\libdaisy.a(sdram.o)
                0x2400290c                SdramHandle::Init()
 .text.HAL_SDRAM_MspInit
                0x24002988      0x1a8 ../../libDaisy/build\libdaisy.a(sdram.o)
                0x24002988                HAL_SDRAM_MspInit
 .text._ZN5daisy11AudioHandle4InitERKNS0_6ConfigENS_9SaiHandleE
                0x24002b30       0x70 ../../libDaisy/build\libdaisy.a(audio.o)
                0x24002b30                daisy::AudioHandle::Init(daisy::AudioHandle::Config const&, daisy::SaiHandle)
 .text._ZNK5daisy11AudioHandle9GetConfigEv
                0x24002ba0        0x8 ../../libDaisy/build\libdaisy.a(audio.o)
                0x24002ba0                daisy::AudioHandle::GetConfig() const
 .text._ZN5daisy11AudioHandle13GetSampleRateEv
                0x24002ba8        0x8 ../../libDaisy/build\libdaisy.a(audio.o)
                0x24002ba8                daisy::AudioHandle::GetSampleRate()
 .text.startup._GLOBAL__sub_I__ZN5daisy11AudioHandle4Impl4InitENS0_6ConfigENS_9SaiHandleE
                0x24002bb0       0x24 ../../libDaisy/build\libdaisy.a(audio.o)
 .text._ZN5daisy10MidiParser5ParseEhPNS_9MidiEventE
                0x24002bd4      0x170 ../../libDaisy/build\libdaisy.a(midi_parser.o)
                0x24002bd4                daisy::MidiParser::Parse(unsigned char, daisy::MidiEvent*)
 .text._ZN5daisy10MidiParser5ResetEv
                0x24002d44        0xc ../../libDaisy/build\libdaisy.a(midi_parser.o)
                0x24002d44                daisy::MidiParser::Reset()
 .text._ZN5daisy13USBHostHandle4ImplD2Ev
                0x24002d50        0x4 ../../libDaisy/build\libdaisy.a(usb_host.o)
                0x24002d50                daisy::USBHostHandle::Impl::~Impl()
                0x24002d50                daisy::USBHostHandle::Impl::~Impl()
 .text._ZL16USBH_UserProcessP19_USBH_HandleTypeDefh
                0x24002d54       0x58 ../../libDaisy/build\libdaisy.a(usb_host.o)
 .text._ZN5daisy13USBHostHandle13RegisterClassEP17USBH_ClassTypeDef
                0x24002dac       0x18 ../../libDaisy/build\libdaisy.a(usb_host.o)
                0x24002dac                daisy::USBHostHandle::RegisterClass(USBH_ClassTypeDef*)
 .text._ZN5daisy13USBHostHandle4InitERNS0_6ConfigE
                0x24002dc4       0x44 ../../libDaisy/build\libdaisy.a(usb_host.o)
                0x24002dc4                daisy::USBHostHandle::Init(daisy::USBHostHandle::Config&)
 .text._ZN5daisy13USBHostHandle7ProcessEv
                0x24002e08       0x50 ../../libDaisy/build\libdaisy.a(usb_host.o)
                0x24002e08                daisy::USBHostHandle::Process()
 .text._ZN5daisy13USBHostHandle13IsActiveClassEP17USBH_ClassTypeDef
                0x24002e58       0x14 ../../libDaisy/build\libdaisy.a(usb_host.o)
                0x24002e58                daisy::USBHostHandle::IsActiveClass(USBH_ClassTypeDef*)
 .text._ZN5daisy13USBHostHandle10GetPresentEv
                0x24002e6c       0x20 ../../libDaisy/build\libdaisy.a(usb_host.o)
                0x24002e6c                daisy::USBHostHandle::GetPresent()
 .text.startup._GLOBAL__sub_I_hUsbHostHS
                0x24002e8c       0x38 ../../libDaisy/build\libdaisy.a(usb_host.o)
 .text._ZN5daisy16MidiUsbTransport4ImplD2Ev
                0x24002ec4        0x4 ../../libDaisy/build\libdaisy.a(usb_midi.o)
                0x24002ec4                daisy::MidiUsbTransport::Impl::~Impl()
                0x24002ec4                daisy::MidiUsbTransport::Impl::~Impl()
 .text._ZN5daisy16MidiUsbTransport4Impl5ParseEv
                0x24002ec8       0x68 ../../libDaisy/build\libdaisy.a(usb_midi.o)
                0x24002ec8                daisy::MidiUsbTransport::Impl::Parse()
 .text._Z15ReceiveCallbackPhPm.part.0
                0x24002f30       0x98 ../../libDaisy/build\libdaisy.a(usb_midi.o)
 .text._Z15ReceiveCallbackPhPm
                0x24002fc8       0x10 ../../libDaisy/build\libdaisy.a(usb_midi.o)
                0x24002fc8                ReceiveCallback(unsigned char*, unsigned long*)
 .text._ZL19HostReceiveCallbackPhjPv
                0x24002fd8       0x1c ../../libDaisy/build\libdaisy.a(usb_midi.o)
 .text._ZN5daisy16MidiUsbTransport4InitENS0_6ConfigE
                0x24002ff4       0x78 ../../libDaisy/build\libdaisy.a(usb_midi.o)
                0x24002ff4                daisy::MidiUsbTransport::Init(daisy::MidiUsbTransport::Config)
 .text._ZN5daisy16MidiUsbTransport7StartRxEPFvPhjPvES2_
                0x2400306c       0x1c ../../libDaisy/build\libdaisy.a(usb_midi.o)
                0x2400306c                daisy::MidiUsbTransport::StartRx(void (*)(unsigned char*, unsigned int, void*), void*)
 .text._ZN5daisy16MidiUsbTransport8RxActiveEv
                0x24003088        0x8 ../../libDaisy/build\libdaisy.a(usb_midi.o)
                0x24003088                daisy::MidiUsbTransport::RxActive()
 .text._ZN5daisy16MidiUsbTransport7FlushRxEv
                0x24003090        0xc ../../libDaisy/build\libdaisy.a(usb_midi.o)
                0x24003090                daisy::MidiUsbTransport::FlushRx()
 .text.startup._GLOBAL__sub_I__Z15ReceiveCallbackPhPm
                0x2400309c       0x60 ../../libDaisy/build\libdaisy.a(usb_midi.o)
 .text._ZN5daisy4GPIO4InitERKNS0_6ConfigE
                0x240030fc      0x1cc ../../libDaisy/build\libdaisy.a(gpio.o)
                0x240030fc                daisy::GPIO::Init(daisy::GPIO::Config const&)
 .text._ZN5daisy4GPIO4InitENS_3PinENS0_4ModeENS0_4PullENS0_5SpeedE
                0x240032c8      0x1cc ../../libDaisy/build\libdaisy.a(gpio.o)
                0x240032c8                daisy::GPIO::Init(daisy::Pin, daisy::GPIO::Mode, daisy::GPIO::Pull, daisy::GPIO::Speed)
 .text._ZN5daisy4GPIO4ReadEv
                0x24003494       0x18 ../../libDaisy/build\libdaisy.a(gpio.o)
                0x24003494                daisy::GPIO::Read()
 .text._ZN5daisy4GPIO5WriteEb
                0x240034ac       0x14 ../../libDaisy/build\libdaisy.a(gpio.o)
                0x240034ac                daisy::GPIO::Write(bool)
 .text._ZN5daisy9I2CHandle4Impl20StartDmaTransmissionEtPhtPFvPvNS0_6ResultEES3_
                0x240034c0       0xe8 ../../libDaisy/build\libdaisy.a(i2c.o)
                0x240034c0                daisy::I2CHandle::Impl::StartDmaTransmission(unsigned short, unsigned char*, unsigned short, void (*)(void*, daisy::I2CHandle::Result), void*)
 .text._ZN5daisy9I2CHandle4Impl17StartDmaReceptionEtPhtPFvPvNS0_6ResultEES3_
                0x240035a8       0xe4 ../../libDaisy/build\libdaisy.a(i2c.o)
                0x240035a8                daisy::I2CHandle::Impl::StartDmaReception(unsigned short, unsigned char*, unsigned short, void (*)(void*, daisy::I2CHandle::Result), void*)
 .text._ZN5daisy9I2CHandle4Impl8InitPinsEv
                0x2400368c       0x70 ../../libDaisy/build\libdaisy.a(i2c.o)
                0x2400368c                daisy::I2CHandle::Impl::InitPins()
 .text.HAL_I2C_MspInit
                0x240036fc      0x1b4 ../../libDaisy/build\libdaisy.a(i2c.o)
                0x240036fc                HAL_I2C_MspInit
 .text.dsy_i2c_global_init
                0x240038b0       0x78 ../../libDaisy/build\libdaisy.a(i2c.o)
                0x240038b0                dsy_i2c_global_init
 .text.DMA1_Stream6_IRQHandler
                0x24003928       0x34 ../../libDaisy/build\libdaisy.a(i2c.o)
                0x24003928                DMA1_Stream6_IRQHandler
 .text.I2C1_EV_IRQHandler
                0x2400395c        0xc ../../libDaisy/build\libdaisy.a(i2c.o)
                0x2400395c                I2C1_EV_IRQHandler
 .text.I2C2_EV_IRQHandler
                0x24003968        0xc ../../libDaisy/build\libdaisy.a(i2c.o)
                0x24003968                I2C2_EV_IRQHandler
 .text.I2C3_EV_IRQHandler
                0x24003974        0xc ../../libDaisy/build\libdaisy.a(i2c.o)
                0x24003974                I2C3_EV_IRQHandler
 .text.HAL_I2C_MasterTxCpltCallback
                0x24003980       0x94 ../../libDaisy/build\libdaisy.a(i2c.o)
                0x24003980                HAL_I2C_MasterTxCpltCallback
 .text.HAL_I2C_MasterRxCpltCallback
                0x24003a14       0x94 ../../libDaisy/build\libdaisy.a(i2c.o)
                0x24003a14                HAL_I2C_MasterRxCpltCallback
 .text.HAL_I2C_SlaveTxCpltCallback
                0x24003aa8       0x94 ../../libDaisy/build\libdaisy.a(i2c.o)
                0x24003aa8                HAL_I2C_SlaveTxCpltCallback
 .text.HAL_I2C_SlaveRxCpltCallback
                0x24003b3c       0x94 ../../libDaisy/build\libdaisy.a(i2c.o)
                0x24003b3c                HAL_I2C_SlaveRxCpltCallback
 .text.HAL_I2C_ErrorCallback
                0x24003bd0       0x9c ../../libDaisy/build\libdaisy.a(i2c.o)
                0x24003bd0                HAL_I2C_ErrorCallback
 .text._ZN5daisy9I2CHandle4InitERKNS0_6ConfigE
                0x24003c6c      0x130 ../../libDaisy/build\libdaisy.a(i2c.o)
                0x24003c6c                daisy::I2CHandle::Init(daisy::I2CHandle::Config const&)
 .text._ZN5daisy9I2CHandle16TransmitBlockingEtPhtm
                0x24003d9c       0x50 ../../libDaisy/build\libdaisy.a(i2c.o)
                0x24003d9c                daisy::I2CHandle::TransmitBlocking(unsigned short, unsigned char*, unsigned short, unsigned long)
 .text._ZN5daisy9I2CHandle11TransmitDmaEtPhtPFvPvNS0_6ResultEES2_
                0x24003dec       0x64 ../../libDaisy/build\libdaisy.a(i2c.o)
                0x24003dec                daisy::I2CHandle::TransmitDma(unsigned short, unsigned char*, unsigned short, void (*)(void*, daisy::I2CHandle::Result), void*)
 .text.startup._GLOBAL__sub_I__ZN5daisy9I2CHandle4Impl10GlobalInitEv
                0x24003e50       0x2c ../../libDaisy/build\libdaisy.a(i2c.o)
 .text._ZN5daisy10QSPIHandle4Impl11WriteEnableEv
                0x24003e7c       0x8c ../../libDaisy/build\libdaisy.a(qspi.o)
                0x24003e7c                daisy::QSPIHandle::Impl::WriteEnable()
 .text._ZN5daisy10QSPIHandle4Impl17DummyCyclesConfigENS0_6Config6DeviceE
                0x24003f08      0x118 ../../libDaisy/build\libdaisy.a(qspi.o)
                0x24003f08                daisy::QSPIHandle::Impl::DummyCyclesConfig(daisy::QSPIHandle::Config::Device)
 .text._ZN5daisy10QSPIHandle4Impl10QuadEnableEv
                0x24004020      0x168 ../../libDaisy/build\libdaisy.a(qspi.o)
                0x24004020                daisy::QSPIHandle::Impl::QuadEnable()
 .text._ZN5daisy10QSPIHandle4Impl21DefaultStatusRegisterEv
                0x24004188      0x158 ../../libDaisy/build\libdaisy.a(qspi.o)
                0x24004188                daisy::QSPIHandle::Impl::DefaultStatusRegister()
 .text._ZN5daisy10QSPIHandle4Impl7PreInitEm
                0x240042e0      0x198 ../../libDaisy/build\libdaisy.a(qspi.o)
                0x240042e0                daisy::QSPIHandle::Impl::PreInit(unsigned long)
 .text._ZN5daisy10QSPIHandle4InitERKNS0_6ConfigE
                0x24004478      0x1b4 ../../libDaisy/build\libdaisy.a(qspi.o)
                0x24004478                daisy::QSPIHandle::Init(daisy::QSPIHandle::Config const&)
 .text.HAL_QSPI_MspInit
                0x2400462c      0x194 ../../libDaisy/build\libdaisy.a(qspi.o)
                0x2400462c                HAL_QSPI_MspInit
 .text.HAL_QSPI_MspDeInit
                0x240047c0       0x7c ../../libDaisy/build\libdaisy.a(qspi.o)
                0x240047c0                HAL_QSPI_MspDeInit
 .text.QUADSPI_IRQHandler
                0x2400483c        0xc ../../libDaisy/build\libdaisy.a(qspi.o)
                0x2400483c                QUADSPI_IRQHandler
 .text.startup._GLOBAL__sub_I__ZN5daisy10QSPIHandle4Impl7PreInitEm
                0x24004848       0x40 ../../libDaisy/build\libdaisy.a(qspi.o)
 .text._ZN5daisy9SaiHandle4Impl7InitDmaENS1_15PeripheralBlockE
                0x24004888       0xa0 ../../libDaisy/build\libdaisy.a(sai.o)
                0x24004888                daisy::SaiHandle::Impl::InitDma(daisy::SaiHandle::Impl::PeripheralBlock)
 .text._ZN5daisy9SaiHandle4Impl8InitPinsEv
                0x24004928       0xbc ../../libDaisy/build\libdaisy.a(sai.o)
                0x24004928                daisy::SaiHandle::Impl::InitPins()
 .text.HAL_SAI_MspInit
                0x240049e4      0x164 ../../libDaisy/build\libdaisy.a(sai.o)
                0x240049e4                HAL_SAI_MspInit
 .text.DMA1_Stream0_IRQHandler
                0x24004b48        0xc ../../libDaisy/build\libdaisy.a(sai.o)
                0x24004b48                DMA1_Stream0_IRQHandler
 .text.DMA1_Stream1_IRQHandler
                0x24004b54        0xc ../../libDaisy/build\libdaisy.a(sai.o)
                0x24004b54                DMA1_Stream1_IRQHandler
 .text.DMA1_Stream3_IRQHandler
                0x24004b60        0xc ../../libDaisy/build\libdaisy.a(sai.o)
                0x24004b60                DMA1_Stream3_IRQHandler
 .text.DMA1_Stream4_IRQHandler
                0x24004b6c        0xc ../../libDaisy/build\libdaisy.a(sai.o)
                0x24004b6c                DMA1_Stream4_IRQHandler
 .text._ZN5daisy9SaiHandle4InitERKNS0_6ConfigE
                0x24004b78      0x1f0 ../../libDaisy/build\libdaisy.a(sai.o)
                0x24004b78                daisy::SaiHandle::Init(daisy::SaiHandle::Config const&)
 .text._ZNK5daisy9SaiHandle9GetConfigEv
                0x24004d68        0x4 ../../libDaisy/build\libdaisy.a(sai.o)
                0x24004d68                daisy::SaiHandle::GetConfig() const
 .text._ZN5daisy9SaiHandle13GetSampleRateEv
                0x24004d6c       0x24 ../../libDaisy/build\libdaisy.a(sai.o)
                0x24004d6c                daisy::SaiHandle::GetSampleRate()
 .text.startup._GLOBAL__sub_I__ZN5daisy9SaiHandle4Impl4InitERKNS0_6ConfigE
                0x24004d90       0x20 ../../libDaisy/build\libdaisy.a(sai.o)
 .text.HAL_TIM_Base_MspInit
                0x24004db0      0x1e0 ../../libDaisy/build\libdaisy.a(tim.o)
                0x24004db0                HAL_TIM_Base_MspInit
 .text.HAL_TIM_PeriodElapsedCallback
                0x24004f90       0x44 ../../libDaisy/build\libdaisy.a(tim.o)
                0x24004f90                HAL_TIM_PeriodElapsedCallback
 .text.TIM2_IRQHandler
                0x24004fd4        0xc ../../libDaisy/build\libdaisy.a(tim.o)
                0x24004fd4                TIM2_IRQHandler
 .text.TIM3_IRQHandler
                0x24004fe0        0xc ../../libDaisy/build\libdaisy.a(tim.o)
                0x24004fe0                TIM3_IRQHandler
 .text.TIM4_IRQHandler
                0x24004fec        0xc ../../libDaisy/build\libdaisy.a(tim.o)
                0x24004fec                TIM4_IRQHandler
 .text.TIM5_IRQHandler
                0x24004ff8        0xc ../../libDaisy/build\libdaisy.a(tim.o)
                0x24004ff8                TIM5_IRQHandler
 .text._ZN5daisy11TimerHandle4InitERKNS0_6ConfigE
                0x24005004       0xd0 ../../libDaisy/build\libdaisy.a(tim.o)
                0x24005004                daisy::TimerHandle::Init(daisy::TimerHandle::Config const&)
 .text._ZN5daisy11TimerHandle5StartEv
                0x240050d4       0x24 ../../libDaisy/build\libdaisy.a(tim.o)
                0x240050d4                daisy::TimerHandle::Start()
 .text._ZN5daisy11TimerHandle7GetFreqEv
                0x240050f8       0x18 ../../libDaisy/build\libdaisy.a(tim.o)
                0x240050f8                daisy::TimerHandle::GetFreq()
 .text._ZN5daisy11TimerHandle7GetTickEv
                0x24005110        0x8 ../../libDaisy/build\libdaisy.a(tim.o)
                0x24005110                daisy::TimerHandle::GetTick()
 .text.startup._GLOBAL__sub_I__ZN5daisy11TimerHandle4Impl4InitERKNS0_6ConfigE
                0x24005118       0x38 ../../libDaisy/build\libdaisy.a(tim.o)
 .text._ZN5daisy11TimerHandleD2Ev
                0x24005150        0x4 ../../libDaisy/build\libdaisy.a(system.o)
                0x24005150                daisy::TimerHandle::~TimerHandle()
                0x24005150                daisy::TimerHandle::~TimerHandle()
 .text.SysTick_Handler
                0x24005154       0x10 ../../libDaisy/build\libdaisy.a(system.o)
                0x24005154                SysTick_Handler
 .text.OTG_HS_EP1_OUT_IRQHandler
                0x24005164       0x24 ../../libDaisy/build\libdaisy.a(system.o)
                0x24005164                OTG_HS_EP1_OUT_IRQHandler
 .text.OTG_HS_EP1_IN_IRQHandler
                0x24005188       0x24 ../../libDaisy/build\libdaisy.a(system.o)
                0x24005188                OTG_HS_EP1_IN_IRQHandler
 .text.OTG_HS_IRQHandler
                0x240051ac       0x24 ../../libDaisy/build\libdaisy.a(system.o)
                0x240051ac                OTG_HS_IRQHandler
 .text.HardFault_Handler
                0x240051d0       0xe0 ../../libDaisy/build\libdaisy.a(system.o)
                0x240051d0                HardFault_Handler
 .text._ZN5daisy6System5DelayEm
                0x240052b0        0x4 ../../libDaisy/build\libdaisy.a(system.o)
                0x240052b0                daisy::System::Delay(unsigned long)
 .text._ZN5daisy6System20GetBootloaderVersionEv
                0x240052b4       0x34 ../../libDaisy/build\libdaisy.a(system.o)
                0x240052b4                daisy::System::GetBootloaderVersion()
 .text._ZN5daisy6System15ConfigureClocksEv
                0x240052e8      0x1a4 ../../libDaisy/build\libdaisy.a(system.o)
                0x240052e8                daisy::System::ConfigureClocks()
 .text._ZN5daisy6System12ConfigureMpuEv
                0x2400548c       0x7c ../../libDaisy/build\libdaisy.a(system.o)
                0x2400548c                daisy::System::ConfigureMpu()
 .text._ZN5daisy6System4InitERKNS0_6ConfigE
                0x24005508       0xf8 ../../libDaisy/build\libdaisy.a(system.o)
                0x24005508                daisy::System::Init(daisy::System::Config const&)
 .text._ZN5daisy6System12GetPClk1FreqEv
                0x24005600        0x4 ../../libDaisy/build\libdaisy.a(system.o)
                0x24005600                daisy::System::GetPClk1Freq()
 .text._ZN5daisy6System22GetProgramMemoryRegionEv
                0x24005604       0x78 ../../libDaisy/build\libdaisy.a(system.o)
                0x24005604                daisy::System::GetProgramMemoryRegion()
 .text.startup._GLOBAL__sub_I__ZN5daisy9boot_infoE
                0x2400567c       0x1c ../../libDaisy/build\libdaisy.a(system.o)
 .text.Error_Handler
                0x24005698        0x4 ../../libDaisy/build\libdaisy.a(usbd_conf.o)
                0x24005698                Error_Handler
 .text.HAL_PCD_MspInit
                0x2400569c      0x144 ../../libDaisy/build\libdaisy.a(usbd_conf.o)
                0x2400569c                HAL_PCD_MspInit
 .text.HAL_PCD_SetupStageCallback
                0x240057e0        0xc ../../libDaisy/build\libdaisy.a(usbd_conf.o)
                0x240057e0                HAL_PCD_SetupStageCallback
 .text.HAL_PCD_DataOutStageCallback
                0x240057ec       0x14 ../../libDaisy/build\libdaisy.a(usbd_conf.o)
                0x240057ec                HAL_PCD_DataOutStageCallback
 .text.HAL_PCD_DataInStageCallback
                0x24005800       0x14 ../../libDaisy/build\libdaisy.a(usbd_conf.o)
                0x24005800                HAL_PCD_DataInStageCallback
 .text.HAL_PCD_SOFCallback
                0x24005814        0x8 ../../libDaisy/build\libdaisy.a(usbd_conf.o)
                0x24005814                HAL_PCD_SOFCallback
 .text.HAL_PCD_ResetCallback
                0x2400581c       0x24 ../../libDaisy/build\libdaisy.a(usbd_conf.o)
                0x2400581c                HAL_PCD_ResetCallback
 .text.HAL_PCD_SuspendCallback
                0x24005840       0x30 ../../libDaisy/build\libdaisy.a(usbd_conf.o)
                0x24005840                HAL_PCD_SuspendCallback
 .text.HAL_PCD_ResumeCallback
                0x24005870        0x8 ../../libDaisy/build\libdaisy.a(usbd_conf.o)
                0x24005870                HAL_PCD_ResumeCallback
 .text.HAL_PCD_ISOOUTIncompleteCallback
                0x24005878        0x8 ../../libDaisy/build\libdaisy.a(usbd_conf.o)
                0x24005878                HAL_PCD_ISOOUTIncompleteCallback
 .text.HAL_PCD_ISOINIncompleteCallback
                0x24005880        0x8 ../../libDaisy/build\libdaisy.a(usbd_conf.o)
                0x24005880                HAL_PCD_ISOINIncompleteCallback
 .text.HAL_PCD_ConnectCallback
                0x24005888        0x8 ../../libDaisy/build\libdaisy.a(usbd_conf.o)
                0x24005888                HAL_PCD_ConnectCallback
 .text.HAL_PCD_DisconnectCallback
                0x24005890        0x8 ../../libDaisy/build\libdaisy.a(usbd_conf.o)
                0x24005890                HAL_PCD_DisconnectCallback
 .text.USBD_LL_Init
                0x24005898       0xe4 ../../libDaisy/build\libdaisy.a(usbd_conf.o)
                0x24005898                USBD_LL_Init
 .text.USBD_LL_Start
                0x2400597c       0x1c ../../libDaisy/build\libdaisy.a(usbd_conf.o)
                0x2400597c                USBD_LL_Start
 .text.USBD_LL_OpenEP
                0x24005998       0x24 ../../libDaisy/build\libdaisy.a(usbd_conf.o)
                0x24005998                USBD_LL_OpenEP
 .text.USBD_LL_CloseEP
                0x240059bc       0x1c ../../libDaisy/build\libdaisy.a(usbd_conf.o)
                0x240059bc                USBD_LL_CloseEP
 .text.USBD_LL_StallEP
                0x240059d8       0x1c ../../libDaisy/build\libdaisy.a(usbd_conf.o)
                0x240059d8                USBD_LL_StallEP
 .text.USBD_LL_ClearStallEP
                0x240059f4       0x1c ../../libDaisy/build\libdaisy.a(usbd_conf.o)
                0x240059f4                USBD_LL_ClearStallEP
 .text.USBD_LL_IsStallEP
                0x24005a10       0x28 ../../libDaisy/build\libdaisy.a(usbd_conf.o)
                0x24005a10                USBD_LL_IsStallEP
 .text.USBD_LL_SetUSBAddress
                0x24005a38       0x1c ../../libDaisy/build\libdaisy.a(usbd_conf.o)
                0x24005a38                USBD_LL_SetUSBAddress
 .text.USBD_LL_Transmit
                0x24005a54       0x1c ../../libDaisy/build\libdaisy.a(usbd_conf.o)
                0x24005a54                USBD_LL_Transmit
 .text.USBD_LL_PrepareReceive
                0x24005a70       0x1c ../../libDaisy/build\libdaisy.a(usbd_conf.o)
                0x24005a70                USBD_LL_PrepareReceive
 .text.USBD_LL_GetRxDataSize
                0x24005a8c        0x8 ../../libDaisy/build\libdaisy.a(usbd_conf.o)
                0x24005a8c                USBD_LL_GetRxDataSize
 *fill*         0x24005a94        0x4 
 .text.HAL_HCD_MspInit
                0x24005a98       0xec ../../libDaisy/build\libdaisy.a(usbh_conf.o)
                0x24005a98                HAL_HCD_MspInit
 .text.HAL_HCD_SOF_Callback
                0x24005b84        0x8 ../../libDaisy/build\libdaisy.a(usbh_conf.o)
                0x24005b84                HAL_HCD_SOF_Callback
 .text.HAL_HCD_Connect_Callback
                0x24005b8c        0x8 ../../libDaisy/build\libdaisy.a(usbh_conf.o)
                0x24005b8c                HAL_HCD_Connect_Callback
 .text.HAL_HCD_Disconnect_Callback
                0x24005b94        0x8 ../../libDaisy/build\libdaisy.a(usbh_conf.o)
                0x24005b94                HAL_HCD_Disconnect_Callback
 .text.HAL_HCD_HC_NotifyURBChange_Callback
                0x24005b9c        0x4 ../../libDaisy/build\libdaisy.a(usbh_conf.o)
                0x24005b9c                HAL_HCD_HC_NotifyURBChange_Callback
 .text.HAL_HCD_PortEnabled_Callback
                0x24005ba0        0x8 ../../libDaisy/build\libdaisy.a(usbh_conf.o)
                0x24005ba0                HAL_HCD_PortEnabled_Callback
 .text.HAL_HCD_PortDisabled_Callback
                0x24005ba8        0x8 ../../libDaisy/build\libdaisy.a(usbh_conf.o)
                0x24005ba8                HAL_HCD_PortDisabled_Callback
 .text.USBH_LL_Init
                0x24005bb0       0x60 ../../libDaisy/build\libdaisy.a(usbh_conf.o)
                0x24005bb0                USBH_LL_Init
 .text.USBH_LL_Start
                0x24005c10       0x1c ../../libDaisy/build\libdaisy.a(usbh_conf.o)
                0x24005c10                USBH_LL_Start
 .text.USBH_LL_Stop
                0x24005c2c       0x1c ../../libDaisy/build\libdaisy.a(usbh_conf.o)
                0x24005c2c                USBH_LL_Stop
 .text.USBH_LL_GetSpeed
                0x24005c48       0x14 ../../libDaisy/build\libdaisy.a(usbh_conf.o)
                0x24005c48                USBH_LL_GetSpeed
 .text.USBH_LL_ResetPort
                0x24005c5c       0x1c ../../libDaisy/build\libdaisy.a(usbh_conf.o)
                0x24005c5c                USBH_LL_ResetPort
 .text.USBH_LL_GetLastXferSize
                0x24005c78        0x8 ../../libDaisy/build\libdaisy.a(usbh_conf.o)
                0x24005c78                USBH_LL_GetLastXferSize
 .text.USBH_LL_OpenPipe
                0x24005c80       0x34 ../../libDaisy/build\libdaisy.a(usbh_conf.o)
                0x24005c80                USBH_LL_OpenPipe
 .text.USBH_LL_ClosePipe
                0x24005cb4       0x1c ../../libDaisy/build\libdaisy.a(usbh_conf.o)
                0x24005cb4                USBH_LL_ClosePipe
 .text.USBH_LL_SubmitURB
                0x24005cd0       0x38 ../../libDaisy/build\libdaisy.a(usbh_conf.o)
                0x24005cd0                USBH_LL_SubmitURB
 .text.USBH_LL_GetURBState
                0x24005d08        0x8 ../../libDaisy/build\libdaisy.a(usbh_conf.o)
                0x24005d08                USBH_LL_GetURBState
 .text.USBH_LL_DriverVBUS
                0x24005d10        0xc ../../libDaisy/build\libdaisy.a(usbh_conf.o)
                0x24005d10                USBH_LL_DriverVBUS
 .text.USBH_LL_SetToggle
                0x24005d1c       0x24 ../../libDaisy/build\libdaisy.a(usbh_conf.o)
                0x24005d1c                USBH_LL_SetToggle
 .text.USBH_Delay
                0x24005d40        0x4 ../../libDaisy/build\libdaisy.a(usbh_conf.o)
                0x24005d40                USBH_Delay
 .text.HAL_MspInit
                0x24005d44        0x4 ../../libDaisy/build\libdaisy.a(stm32h7xx_hal.o)
                0x24005d44                HAL_MspInit
 .text.HAL_InitTick
                0x24005d48       0x4c ../../libDaisy/build\libdaisy.a(stm32h7xx_hal.o)
                0x24005d48                HAL_InitTick
 .text.HAL_Init
                0x24005d94       0x60 ../../libDaisy/build\libdaisy.a(stm32h7xx_hal.o)
                0x24005d94                HAL_Init
 .text.HAL_IncTick
                0x24005df4       0x18 ../../libDaisy/build\libdaisy.a(stm32h7xx_hal.o)
                0x24005df4                HAL_IncTick
 .text.HAL_GetTick
                0x24005e0c        0xc ../../libDaisy/build\libdaisy.a(stm32h7xx_hal.o)
                0x24005e0c                HAL_GetTick
 .text.HAL_Delay
                0x24005e18       0x24 ../../libDaisy/build\libdaisy.a(stm32h7xx_hal.o)
                0x24005e18                HAL_Delay
 .text.HAL_GetREVID
                0x24005e3c        0xc ../../libDaisy/build\libdaisy.a(stm32h7xx_hal.o)
                0x24005e3c                HAL_GetREVID
 .text.HAL_NVIC_SetPriorityGrouping
                0x24005e48       0x24 ../../libDaisy/build\libdaisy.a(stm32h7xx_hal_cortex.o)
                0x24005e48                HAL_NVIC_SetPriorityGrouping
 .text.HAL_NVIC_SetPriority
                0x24005e6c       0x7c ../../libDaisy/build\libdaisy.a(stm32h7xx_hal_cortex.o)
                0x24005e6c                HAL_NVIC_SetPriority
 .text.HAL_NVIC_EnableIRQ
                0x24005ee8       0x1c ../../libDaisy/build\libdaisy.a(stm32h7xx_hal_cortex.o)
                0x24005ee8                HAL_NVIC_EnableIRQ
 .text.HAL_NVIC_DisableIRQ
                0x24005f04       0x28 ../../libDaisy/build\libdaisy.a(stm32h7xx_hal_cortex.o)
                0x24005f04                HAL_NVIC_DisableIRQ
 .text.HAL_SYSTICK_Config
                0x24005f2c       0x2c ../../libDaisy/build\libdaisy.a(stm32h7xx_hal_cortex.o)
                0x24005f2c                HAL_SYSTICK_Config
 .text.HAL_MPU_Disable
                0x24005f58       0x1c ../../libDaisy/build\libdaisy.a(stm32h7xx_hal_cortex.o)
                0x24005f58                HAL_MPU_Disable
 .text.HAL_MPU_Enable
                0x24005f74       0x20 ../../libDaisy/build\libdaisy.a(stm32h7xx_hal_cortex.o)
                0x24005f74                HAL_MPU_Enable
 .text.HAL_MPU_ConfigRegion
                0x24005f94       0x64 ../../libDaisy/build\libdaisy.a(stm32h7xx_hal_cortex.o)
                0x24005f94                HAL_MPU_ConfigRegion
 .text.HAL_SYSTICK_Callback
                0x24005ff8        0x4 ../../libDaisy/build\libdaisy.a(stm32h7xx_hal_cortex.o)
                0x24005ff8                HAL_SYSTICK_Callback
 .text.HAL_SYSTICK_IRQHandler
                0x24005ffc        0x8 ../../libDaisy/build\libdaisy.a(stm32h7xx_hal_cortex.o)
                0x24005ffc                HAL_SYSTICK_IRQHandler
 .text.DMA_CalcBaseAndBitshift
                0x24006004       0xf4 ../../libDaisy/build\libdaisy.a(stm32h7xx_hal_dma.o)
 .text.DMA_CalcDMAMUXChannelBaseAndMask
                0x240060f8       0xd8 ../../libDaisy/build\libdaisy.a(stm32h7xx_hal_dma.o)
 .text.HAL_DMA_Init
                0x240061d0      0x4dc ../../libDaisy/build\libdaisy.a(stm32h7xx_hal_dma.o)
                0x240061d0                HAL_DMA_Init
 .text.HAL_DMA_Start_IT
                0x240066ac      0x344 ../../libDaisy/build\libdaisy.a(stm32h7xx_hal_dma.o)
                0x240066ac                HAL_DMA_Start_IT
 .text.HAL_DMA_Abort
                0x240069f0      0x2f0 ../../libDaisy/build\libdaisy.a(stm32h7xx_hal_dma.o)
                0x240069f0                HAL_DMA_Abort
 .text.HAL_DMA_Abort_IT
                0x24006ce0      0x194 ../../libDaisy/build\libdaisy.a(stm32h7xx_hal_dma.o)
                0x24006ce0                HAL_DMA_Abort_IT
 .text.HAL_DMA_IRQHandler
                0x24006e74      0x6a0 ../../libDaisy/build\libdaisy.a(stm32h7xx_hal_dma.o)
                0x24006e74                HAL_DMA_IRQHandler
 .text.HAL_DMA_GetState
                0x24007514        0x8 ../../libDaisy/build\libdaisy.a(stm32h7xx_hal_dma.o)
                0x24007514                HAL_DMA_GetState
 .text.HAL_DMA_GetError
                0x2400751c        0x4 ../../libDaisy/build\libdaisy.a(stm32h7xx_hal_dma.o)
                0x2400751c                HAL_DMA_GetError
 .text.HAL_GPIO_Init
                0x24007520      0x274 ../../libDaisy/build\libdaisy.a(stm32h7xx_hal_gpio.o)
                0x24007520                HAL_GPIO_Init
 .text.HAL_GPIO_DeInit
                0x24007794      0x190 ../../libDaisy/build\libdaisy.a(stm32h7xx_hal_gpio.o)
                0x24007794                HAL_GPIO_DeInit
 .text.HAL_GPIO_ReadPin
                0x24007924        0xc ../../libDaisy/build\libdaisy.a(stm32h7xx_hal_gpio.o)
                0x24007924                HAL_GPIO_ReadPin
 .text.HAL_GPIO_WritePin
                0x24007930        0x8 ../../libDaisy/build\libdaisy.a(stm32h7xx_hal_gpio.o)
                0x24007930                HAL_GPIO_WritePin
 .text.HAL_HCD_HC_Init
                0x24007938       0x74 ../../libDaisy/build\libdaisy.a(stm32h7xx_hal_hcd.o)
                0x24007938                HAL_HCD_HC_Init
 .text.HAL_HCD_HC_Halt
                0x240079ac       0x28 ../../libDaisy/build\libdaisy.a(stm32h7xx_hal_hcd.o)
                0x240079ac                HAL_HCD_HC_Halt
 .text.HAL_HCD_Init
                0x240079d4       0x94 ../../libDaisy/build\libdaisy.a(stm32h7xx_hal_hcd.o)
                0x240079d4                HAL_HCD_Init
 .text.HAL_HCD_HC_SubmitRequest
                0x24007a68       0xd4 ../../libDaisy/build\libdaisy.a(stm32h7xx_hal_hcd.o)
                0x24007a68                HAL_HCD_HC_SubmitRequest
 .text.HAL_HCD_IRQHandler
                0x24007b3c      0x8f4 ../../libDaisy/build\libdaisy.a(stm32h7xx_hal_hcd.o)
                0x24007b3c                HAL_HCD_IRQHandler
 .text.HAL_HCD_Start
                0x24008430       0x2c ../../libDaisy/build\libdaisy.a(stm32h7xx_hal_hcd.o)
                0x24008430                HAL_HCD_Start
 .text.HAL_HCD_Stop
                0x2400845c       0x28 ../../libDaisy/build\libdaisy.a(stm32h7xx_hal_hcd.o)
                0x2400845c                HAL_HCD_Stop
 .text.HAL_HCD_ResetPort
                0x24008484        0x8 ../../libDaisy/build\libdaisy.a(stm32h7xx_hal_hcd.o)
                0x24008484                HAL_HCD_ResetPort
 .text.HAL_HCD_HC_GetURBState
                0x2400848c        0xc ../../libDaisy/build\libdaisy.a(stm32h7xx_hal_hcd.o)
                0x2400848c                HAL_HCD_HC_GetURBState
 .text.HAL_HCD_HC_GetXferCount
                0x24008498        0xc ../../libDaisy/build\libdaisy.a(stm32h7xx_hal_hcd.o)
                0x24008498                HAL_HCD_HC_GetXferCount
 .text.HAL_HCD_GetCurrentFrame
                0x240084a4        0x8 ../../libDaisy/build\libdaisy.a(stm32h7xx_hal_hcd.o)
                0x240084a4                HAL_HCD_GetCurrentFrame
 .text.HAL_HCD_GetCurrentSpeed
                0x240084ac        0x8 ../../libDaisy/build\libdaisy.a(stm32h7xx_hal_hcd.o)
                0x240084ac                HAL_HCD_GetCurrentSpeed
 .text.I2C_WaitOnTXISFlagUntilTimeout
                0x240084b4      0x16c ../../libDaisy/build\libdaisy.a(stm32h7xx_hal_i2c.o)
 .text.I2C_WaitOnSTOPFlagUntilTimeout
                0x24008620      0x168 ../../libDaisy/build\libdaisy.a(stm32h7xx_hal_i2c.o)
 .text.HAL_I2C_Init
                0x24008788       0xac ../../libDaisy/build\libdaisy.a(stm32h7xx_hal_i2c.o)
                0x24008788                HAL_I2C_Init
 .text.HAL_I2C_Master_Transmit
                0x24008834      0x37c ../../libDaisy/build\libdaisy.a(stm32h7xx_hal_i2c.o)
                0x24008834                HAL_I2C_Master_Transmit
 .text.HAL_I2C_Slave_Transmit
                0x24008bb0      0x254 ../../libDaisy/build\libdaisy.a(stm32h7xx_hal_i2c.o)
                0x24008bb0                HAL_I2C_Slave_Transmit
 .text.HAL_I2C_Master_Transmit_DMA
                0x24008e04      0x180 ../../libDaisy/build\libdaisy.a(stm32h7xx_hal_i2c.o)
                0x24008e04                HAL_I2C_Master_Transmit_DMA
 .text.HAL_I2C_Master_Receive_DMA
                0x24008f84      0x144 ../../libDaisy/build\libdaisy.a(stm32h7xx_hal_i2c.o)
                0x24008f84                HAL_I2C_Master_Receive_DMA
 .text.HAL_I2C_Slave_Transmit_DMA
                0x240090c8      0x120 ../../libDaisy/build\libdaisy.a(stm32h7xx_hal_i2c.o)
                0x240090c8                HAL_I2C_Slave_Transmit_DMA
 .text.HAL_I2C_Slave_Receive_DMA
                0x240091e8       0xdc ../../libDaisy/build\libdaisy.a(stm32h7xx_hal_i2c.o)
                0x240091e8                HAL_I2C_Slave_Receive_DMA
 .text.HAL_I2C_EV_IRQHandler
                0x240092c4       0x10 ../../libDaisy/build\libdaisy.a(stm32h7xx_hal_i2c.o)
                0x240092c4                HAL_I2C_EV_IRQHandler
 .text.I2C_ITSlaveSeqCplt
                0x240092d4       0xa4 ../../libDaisy/build\libdaisy.a(stm32h7xx_hal_i2c.o)
 .text.I2C_DMASlaveReceiveCplt
                0x24009378       0x28 ../../libDaisy/build\libdaisy.a(stm32h7xx_hal_i2c.o)
 .text.I2C_DMASlaveTransmitCplt
                0x240093a0       0xb0 ../../libDaisy/build\libdaisy.a(stm32h7xx_hal_i2c.o)
 .text.HAL_I2C_AddrCallback
                0x24009450        0x4 ../../libDaisy/build\libdaisy.a(stm32h7xx_hal_i2c.o)
                0x24009450                HAL_I2C_AddrCallback
 .text.I2C_ITAddrCplt.part.0
                0x24009454       0x64 ../../libDaisy/build\libdaisy.a(stm32h7xx_hal_i2c.o)
 .text.HAL_I2C_ListenCpltCallback
                0x240094b8        0x4 ../../libDaisy/build\libdaisy.a(stm32h7xx_hal_i2c.o)
                0x240094b8                HAL_I2C_ListenCpltCallback
 .text.HAL_I2C_MemTxCpltCallback
                0x240094bc        0x4 ../../libDaisy/build\libdaisy.a(stm32h7xx_hal_i2c.o)
                0x240094bc                HAL_I2C_MemTxCpltCallback
 .text.HAL_I2C_MemRxCpltCallback
                0x240094c0        0x4 ../../libDaisy/build\libdaisy.a(stm32h7xx_hal_i2c.o)
                0x240094c0                HAL_I2C_MemRxCpltCallback
 .text.HAL_I2C_AbortCpltCallback
                0x240094c4        0x4 ../../libDaisy/build\libdaisy.a(stm32h7xx_hal_i2c.o)
                0x240094c4                HAL_I2C_AbortCpltCallback
 .text.I2C_DMAAbort
                0x240094c8       0x40 ../../libDaisy/build\libdaisy.a(stm32h7xx_hal_i2c.o)
 .text.I2C_ITError
                0x24009508      0x170 ../../libDaisy/build\libdaisy.a(stm32h7xx_hal_i2c.o)
 .text.I2C_ITSlaveCplt
                0x24009678      0x27c ../../libDaisy/build\libdaisy.a(stm32h7xx_hal_i2c.o)
 .text.I2C_Slave_ISR_IT
                0x240098f4      0x1b0 ../../libDaisy/build\libdaisy.a(stm32h7xx_hal_i2c.o)
 .text.I2C_ITMasterCplt
                0x24009aa4      0x12c ../../libDaisy/build\libdaisy.a(stm32h7xx_hal_i2c.o)
 .text.I2C_Master_ISR_IT
                0x24009bd0      0x244 ../../libDaisy/build\libdaisy.a(stm32h7xx_hal_i2c.o)
 .text.I2C_Slave_ISR_DMA
                0x24009e14      0x18c ../../libDaisy/build\libdaisy.a(stm32h7xx_hal_i2c.o)
 .text.I2C_Master_ISR_DMA
                0x24009fa0      0x230 ../../libDaisy/build\libdaisy.a(stm32h7xx_hal_i2c.o)
 .text.I2C_DMAError
                0x2400a1d0       0x48 ../../libDaisy/build\libdaisy.a(stm32h7xx_hal_i2c.o)
 .text.I2C_DMAMasterTransmitCplt
                0x2400a218       0x98 ../../libDaisy/build\libdaisy.a(stm32h7xx_hal_i2c.o)
 .text.I2C_DMAMasterReceiveCplt
                0x2400a2b0       0x98 ../../libDaisy/build\libdaisy.a(stm32h7xx_hal_i2c.o)
 .text.HAL_I2C_GetState
                0x2400a348        0x8 ../../libDaisy/build\libdaisy.a(stm32h7xx_hal_i2c.o)
                0x2400a348                HAL_I2C_GetState
 .text.HAL_I2CEx_ConfigAnalogFilter
                0x2400a350       0x54 ../../libDaisy/build\libdaisy.a(stm32h7xx_hal_i2c_ex.o)
                0x2400a350                HAL_I2CEx_ConfigAnalogFilter
 .text.HAL_I2CEx_ConfigDigitalFilter
                0x2400a3a4       0x58 ../../libDaisy/build\libdaisy.a(stm32h7xx_hal_i2c_ex.o)
                0x2400a3a4                HAL_I2CEx_ConfigDigitalFilter
 .text.HAL_PCD_Init
                0x2400a3fc      0x11c ../../libDaisy/build\libdaisy.a(stm32h7xx_hal_pcd.o)
                0x2400a3fc                HAL_PCD_Init
 .text.HAL_PCD_Start
                0x2400a518       0x44 ../../libDaisy/build\libdaisy.a(stm32h7xx_hal_pcd.o)
                0x2400a518                HAL_PCD_Start
 .text.HAL_PCD_IRQHandler
                0x2400a55c      0xb48 ../../libDaisy/build\libdaisy.a(stm32h7xx_hal_pcd.o)
                0x2400a55c                HAL_PCD_IRQHandler
 .text.HAL_PCD_SetAddress
                0x2400b0a4       0x2c ../../libDaisy/build\libdaisy.a(stm32h7xx_hal_pcd.o)
                0x2400b0a4                HAL_PCD_SetAddress
 .text.HAL_PCD_EP_Open
                0x2400b0d0       0x7c ../../libDaisy/build\libdaisy.a(stm32h7xx_hal_pcd.o)
                0x2400b0d0                HAL_PCD_EP_Open
 .text.HAL_PCD_EP_Close
                0x2400b14c       0x6c ../../libDaisy/build\libdaisy.a(stm32h7xx_hal_pcd.o)
                0x2400b14c                HAL_PCD_EP_Close
 .text.HAL_PCD_EP_Receive
                0x2400b1b8       0x44 ../../libDaisy/build\libdaisy.a(stm32h7xx_hal_pcd.o)
                0x2400b1b8                HAL_PCD_EP_Receive
 .text.HAL_PCD_EP_GetRxCount
                0x2400b1fc       0x14 ../../libDaisy/build\libdaisy.a(stm32h7xx_hal_pcd.o)
                0x2400b1fc                HAL_PCD_EP_GetRxCount
 .text.HAL_PCD_EP_Transmit
                0x2400b210       0x44 ../../libDaisy/build\libdaisy.a(stm32h7xx_hal_pcd.o)
                0x2400b210                HAL_PCD_EP_Transmit
 .text.HAL_PCD_EP_SetStall
                0x2400b254       0x88 ../../libDaisy/build\libdaisy.a(stm32h7xx_hal_pcd.o)
                0x2400b254                HAL_PCD_EP_SetStall
 .text.HAL_PCD_EP_ClrStall
                0x2400b2dc       0x78 ../../libDaisy/build\libdaisy.a(stm32h7xx_hal_pcd.o)
                0x2400b2dc                HAL_PCD_EP_ClrStall
 .text.HAL_PCDEx_SetTxFiFo
                0x2400b354       0x54 ../../libDaisy/build\libdaisy.a(stm32h7xx_hal_pcd_ex.o)
                0x2400b354                HAL_PCDEx_SetTxFiFo
 .text.HAL_PCDEx_SetRxFiFo
                0x2400b3a8        0xc ../../libDaisy/build\libdaisy.a(stm32h7xx_hal_pcd_ex.o)
                0x2400b3a8                HAL_PCDEx_SetRxFiFo
 .text.HAL_PCDEx_ActivateLPM
                0x2400b3b4       0x30 ../../libDaisy/build\libdaisy.a(stm32h7xx_hal_pcd_ex.o)
                0x2400b3b4                HAL_PCDEx_ActivateLPM
 .text.HAL_PCDEx_LPM_Callback
                0x2400b3e4        0x4 ../../libDaisy/build\libdaisy.a(stm32h7xx_hal_pcd_ex.o)
                0x2400b3e4                HAL_PCDEx_LPM_Callback
 .text.HAL_PWREx_ConfigSupply
                0x2400b3e8       0x48 ../../libDaisy/build\libdaisy.a(stm32h7xx_hal_pwr_ex.o)
                0x2400b3e8                HAL_PWREx_ConfigSupply
 .text.HAL_PWREx_EnableUSBVoltageDetector
                0x2400b430       0x10 ../../libDaisy/build\libdaisy.a(stm32h7xx_hal_pwr_ex.o)
                0x2400b430                HAL_PWREx_EnableUSBVoltageDetector
 .text.QSPI_Config
                0x2400b440      0x174 ../../libDaisy/build\libdaisy.a(stm32h7xx_hal_qspi.o)
 .text.HAL_QSPI_Init
                0x2400b5b4       0xb8 ../../libDaisy/build\libdaisy.a(stm32h7xx_hal_qspi.o)
                0x2400b5b4                HAL_QSPI_Init
 .text.HAL_QSPI_DeInit
                0x2400b66c       0x24 ../../libDaisy/build\libdaisy.a(stm32h7xx_hal_qspi.o)
                0x2400b66c                HAL_QSPI_DeInit
 .text.HAL_QSPI_Command
                0x2400b690       0xd4 ../../libDaisy/build\libdaisy.a(stm32h7xx_hal_qspi.o)
                0x2400b690                HAL_QSPI_Command
 .text.HAL_QSPI_Transmit
                0x2400b764       0xfc ../../libDaisy/build\libdaisy.a(stm32h7xx_hal_qspi.o)
                0x2400b764                HAL_QSPI_Transmit
 .text.HAL_QSPI_Receive
                0x2400b860      0x108 ../../libDaisy/build\libdaisy.a(stm32h7xx_hal_qspi.o)
                0x2400b860                HAL_QSPI_Receive
 .text.HAL_QSPI_AutoPolling
                0x2400b968       0xf0 ../../libDaisy/build\libdaisy.a(stm32h7xx_hal_qspi.o)
                0x2400b968                HAL_QSPI_AutoPolling
 .text.HAL_QSPI_MemoryMapped
                0x2400ba58       0xc0 ../../libDaisy/build\libdaisy.a(stm32h7xx_hal_qspi.o)
                0x2400ba58                HAL_QSPI_MemoryMapped
 .text.HAL_QSPI_ErrorCallback
                0x2400bb18        0x4 ../../libDaisy/build\libdaisy.a(stm32h7xx_hal_qspi.o)
                0x2400bb18                HAL_QSPI_ErrorCallback
 .text.QSPI_DMAAbortCplt
                0x2400bb1c       0x38 ../../libDaisy/build\libdaisy.a(stm32h7xx_hal_qspi.o)
 .text.HAL_QSPI_AbortCpltCallback
                0x2400bb54        0x4 ../../libDaisy/build\libdaisy.a(stm32h7xx_hal_qspi.o)
                0x2400bb54                HAL_QSPI_AbortCpltCallback
 .text.HAL_QSPI_CmdCpltCallback
                0x2400bb58        0x4 ../../libDaisy/build\libdaisy.a(stm32h7xx_hal_qspi.o)
                0x2400bb58                HAL_QSPI_CmdCpltCallback
 .text.HAL_QSPI_RxCpltCallback
                0x2400bb5c        0x4 ../../libDaisy/build\libdaisy.a(stm32h7xx_hal_qspi.o)
                0x2400bb5c                HAL_QSPI_RxCpltCallback
 .text.HAL_QSPI_TxCpltCallback
                0x2400bb60        0x4 ../../libDaisy/build\libdaisy.a(stm32h7xx_hal_qspi.o)
                0x2400bb60                HAL_QSPI_TxCpltCallback
 .text.HAL_QSPI_FifoThresholdCallback
                0x2400bb64        0x4 ../../libDaisy/build\libdaisy.a(stm32h7xx_hal_qspi.o)
                0x2400bb64                HAL_QSPI_FifoThresholdCallback
 .text.HAL_QSPI_StatusMatchCallback
                0x2400bb68        0x4 ../../libDaisy/build\libdaisy.a(stm32h7xx_hal_qspi.o)
                0x2400bb68                HAL_QSPI_StatusMatchCallback
 .text.HAL_QSPI_TimeOutCallback
                0x2400bb6c        0x4 ../../libDaisy/build\libdaisy.a(stm32h7xx_hal_qspi.o)
                0x2400bb6c                HAL_QSPI_TimeOutCallback
 .text.HAL_QSPI_IRQHandler
                0x2400bb70      0x210 ../../libDaisy/build\libdaisy.a(stm32h7xx_hal_qspi.o)
                0x2400bb70                HAL_QSPI_IRQHandler
 .text.HAL_RCC_GetSysClockFreq.part.0
                0x2400bd80      0x130 ../../libDaisy/build\libdaisy.a(stm32h7xx_hal_rcc.o)
 .text.HAL_RCC_OscConfig
                0x2400beb0      0x5f4 ../../libDaisy/build\libdaisy.a(stm32h7xx_hal_rcc.o)
                0x2400beb0                HAL_RCC_OscConfig
 .text.HAL_RCC_GetSysClockFreq
                0x2400c4a4      0x140 ../../libDaisy/build\libdaisy.a(stm32h7xx_hal_rcc.o)
                0x2400c4a4                HAL_RCC_GetSysClockFreq
 .text.HAL_RCC_ClockConfig
                0x2400c5e4      0x250 ../../libDaisy/build\libdaisy.a(stm32h7xx_hal_rcc.o)
                0x2400c5e4                HAL_RCC_ClockConfig
 .text.HAL_RCC_GetHCLKFreq
                0x2400c834       0x80 ../../libDaisy/build\libdaisy.a(stm32h7xx_hal_rcc.o)
                0x2400c834                HAL_RCC_GetHCLKFreq
 .text.HAL_RCC_GetPCLK1Freq
                0x2400c8b4       0x90 ../../libDaisy/build\libdaisy.a(stm32h7xx_hal_rcc.o)
                0x2400c8b4                HAL_RCC_GetPCLK1Freq
 .text.HAL_RCC_GetPCLK2Freq
                0x2400c944       0x90 ../../libDaisy/build\libdaisy.a(stm32h7xx_hal_rcc.o)
                0x2400c944                HAL_RCC_GetPCLK2Freq
 .text.RCCEx_PLL2_Config
                0x2400c9d4       0xf4 ../../libDaisy/build\libdaisy.a(stm32h7xx_hal_rcc_ex.o)
 .text.RCCEx_PLL3_Config
                0x2400cac8       0xf4 ../../libDaisy/build\libdaisy.a(stm32h7xx_hal_rcc_ex.o)
 .text.HAL_RCCEx_PeriphCLKConfig
                0x2400cbbc      0xbf8 ../../libDaisy/build\libdaisy.a(stm32h7xx_hal_rcc_ex.o)
                0x2400cbbc                HAL_RCCEx_PeriphCLKConfig
 .text.HAL_RCCEx_GetD3PCLK1Freq
                0x2400d7b4       0x24 ../../libDaisy/build\libdaisy.a(stm32h7xx_hal_rcc_ex.o)
                0x2400d7b4                HAL_RCCEx_GetD3PCLK1Freq
 .text.HAL_RCCEx_GetPLL2ClockFreq
                0x2400d7d8      0x17c ../../libDaisy/build\libdaisy.a(stm32h7xx_hal_rcc_ex.o)
                0x2400d7d8                HAL_RCCEx_GetPLL2ClockFreq
 .text.HAL_RCCEx_GetPLL3ClockFreq
                0x2400d954      0x17c ../../libDaisy/build\libdaisy.a(stm32h7xx_hal_rcc_ex.o)
                0x2400d954                HAL_RCCEx_GetPLL3ClockFreq
 .text.HAL_RCCEx_GetPLL1ClockFreq
                0x2400dad0      0x18c ../../libDaisy/build\libdaisy.a(stm32h7xx_hal_rcc_ex.o)
                0x2400dad0                HAL_RCCEx_GetPLL1ClockFreq
 .text.HAL_RCCEx_GetPeriphCLKFreq
                0x2400dc5c      0x390 ../../libDaisy/build\libdaisy.a(stm32h7xx_hal_rcc_ex.o)
                0x2400dc5c                HAL_RCCEx_GetPeriphCLKFreq
 .text.HAL_SAI_Init.part.0
                0x2400dfec      0x390 ../../libDaisy/build\libdaisy.a(stm32h7xx_hal_sai.o)
 .text.HAL_SAI_InitProtocol
                0x2400e37c      0x174 ../../libDaisy/build\libdaisy.a(stm32h7xx_hal_sai.o)
                0x2400e37c                HAL_SAI_InitProtocol
 .text.HAL_SDRAM_Init
                0x2400e4f0       0x54 ../../libDaisy/build\libdaisy.a(stm32h7xx_hal_sdram.o)
                0x2400e4f0                HAL_SDRAM_Init
 .text.HAL_SDRAM_SendCommand
                0x2400e544       0x40 ../../libDaisy/build\libdaisy.a(stm32h7xx_hal_sdram.o)
                0x2400e544                HAL_SDRAM_SendCommand
 .text.HAL_SDRAM_ProgramRefreshRate
                0x2400e584       0x30 ../../libDaisy/build\libdaisy.a(stm32h7xx_hal_sdram.o)
                0x2400e584                HAL_SDRAM_ProgramRefreshRate
 .text.HAL_TIM_Base_Init
                0x2400e5b4      0x16c ../../libDaisy/build\libdaisy.a(stm32h7xx_hal_tim.o)
                0x2400e5b4                HAL_TIM_Base_Init
 .text.HAL_TIM_Base_Start
                0x2400e720       0xb0 ../../libDaisy/build\libdaisy.a(stm32h7xx_hal_tim.o)
                0x2400e720                HAL_TIM_Base_Start
 .text.HAL_TIM_Base_Start_IT
                0x2400e7d0       0xb8 ../../libDaisy/build\libdaisy.a(stm32h7xx_hal_tim.o)
                0x2400e7d0                HAL_TIM_Base_Start_IT
 .text.HAL_TIM_ConfigClockSource
                0x2400e888      0x198 ../../libDaisy/build\libdaisy.a(stm32h7xx_hal_tim.o)
                0x2400e888                HAL_TIM_ConfigClockSource
 .text.HAL_TIM_OC_DelayElapsedCallback
                0x2400ea20        0x4 ../../libDaisy/build\libdaisy.a(stm32h7xx_hal_tim.o)
                0x2400ea20                HAL_TIM_OC_DelayElapsedCallback
 .text.HAL_TIM_IC_CaptureCallback
                0x2400ea24        0x4 ../../libDaisy/build\libdaisy.a(stm32h7xx_hal_tim.o)
                0x2400ea24                HAL_TIM_IC_CaptureCallback
 .text.HAL_TIM_PWM_PulseFinishedCallback
                0x2400ea28        0x4 ../../libDaisy/build\libdaisy.a(stm32h7xx_hal_tim.o)
                0x2400ea28                HAL_TIM_PWM_PulseFinishedCallback
 .text.HAL_TIM_TriggerCallback
                0x2400ea2c        0x4 ../../libDaisy/build\libdaisy.a(stm32h7xx_hal_tim.o)
                0x2400ea2c                HAL_TIM_TriggerCallback
 .text.HAL_TIM_IRQHandler
                0x2400ea30      0x154 ../../libDaisy/build\libdaisy.a(stm32h7xx_hal_tim.o)
                0x2400ea30                HAL_TIM_IRQHandler
 .text.HAL_TIMEx_MasterConfigSynchronization
                0x2400eb84       0xb4 ../../libDaisy/build\libdaisy.a(stm32h7xx_hal_tim_ex.o)
                0x2400eb84                HAL_TIMEx_MasterConfigSynchronization
 .text.HAL_TIMEx_CommutCallback
                0x2400ec38        0x4 ../../libDaisy/build\libdaisy.a(stm32h7xx_hal_tim_ex.o)
                0x2400ec38                HAL_TIMEx_CommutCallback
 .text.HAL_TIMEx_BreakCallback
                0x2400ec3c        0x4 ../../libDaisy/build\libdaisy.a(stm32h7xx_hal_tim_ex.o)
                0x2400ec3c                HAL_TIMEx_BreakCallback
 .text.HAL_TIMEx_Break2Callback
                0x2400ec40        0x4 ../../libDaisy/build\libdaisy.a(stm32h7xx_hal_tim_ex.o)
                0x2400ec40                HAL_TIMEx_Break2Callback
 .text.FMC_SDRAM_Init
                0x2400ec44       0x7c ../../libDaisy/build\libdaisy.a(stm32h7xx_ll_fmc.o)
                0x2400ec44                FMC_SDRAM_Init
 .text.FMC_SDRAM_Timing_Init
                0x2400ecc0       0x98 ../../libDaisy/build\libdaisy.a(stm32h7xx_ll_fmc.o)
                0x2400ecc0                FMC_SDRAM_Timing_Init
 .text.FMC_SDRAM_SendCommand
                0x2400ed58       0x30 ../../libDaisy/build\libdaisy.a(stm32h7xx_ll_fmc.o)
                0x2400ed58                FMC_SDRAM_SendCommand
 .text.FMC_SDRAM_ProgramRefreshRate
                0x2400ed88       0x1c ../../libDaisy/build\libdaisy.a(stm32h7xx_ll_fmc.o)
                0x2400ed88                FMC_SDRAM_ProgramRefreshRate
 .text.USB_CoreInit
                0x2400eda4      0x144 ../../libDaisy/build\libdaisy.a(stm32h7xx_ll_usb.o)
                0x2400eda4                USB_CoreInit
 .text.USB_SetTurnaroundTime
                0x2400eee8       0xf4 ../../libDaisy/build\libdaisy.a(stm32h7xx_ll_usb.o)
                0x2400eee8                USB_SetTurnaroundTime
 .text.USB_EnableGlobalInt
                0x2400efdc       0x10 ../../libDaisy/build\libdaisy.a(stm32h7xx_ll_usb.o)
                0x2400efdc                USB_EnableGlobalInt
 .text.USB_DisableGlobalInt
                0x2400efec       0x10 ../../libDaisy/build\libdaisy.a(stm32h7xx_ll_usb.o)
                0x2400efec                USB_DisableGlobalInt
 .text.USB_SetCurrentMode
                0x2400effc       0x6c ../../libDaisy/build\libdaisy.a(stm32h7xx_ll_usb.o)
                0x2400effc                USB_SetCurrentMode
 .text.USB_DevInit
                0x2400f068      0x230 ../../libDaisy/build\libdaisy.a(stm32h7xx_ll_usb.o)
                0x2400f068                USB_DevInit
 .text.USB_FlushTxFifo
                0x2400f298       0x54 ../../libDaisy/build\libdaisy.a(stm32h7xx_ll_usb.o)
                0x2400f298                USB_FlushTxFifo
 .text.USB_FlushRxFifo
                0x2400f2ec       0x50 ../../libDaisy/build\libdaisy.a(stm32h7xx_ll_usb.o)
                0x2400f2ec                USB_FlushRxFifo
 .text.USB_GetDevSpeed
                0x2400f33c       0x18 ../../libDaisy/build\libdaisy.a(stm32h7xx_ll_usb.o)
                0x2400f33c                USB_GetDevSpeed
 .text.USB_ActivateEndpoint
                0x2400f354       0x90 ../../libDaisy/build\libdaisy.a(stm32h7xx_ll_usb.o)
                0x2400f354                USB_ActivateEndpoint
 .text.USB_DeactivateEndpoint
                0x2400f3e4       0xbc ../../libDaisy/build\libdaisy.a(stm32h7xx_ll_usb.o)
                0x2400f3e4                USB_DeactivateEndpoint
 .text.USB_EPStartXfer
                0x2400f4a0      0x288 ../../libDaisy/build\libdaisy.a(stm32h7xx_ll_usb.o)
                0x2400f4a0                USB_EPStartXfer
 .text.USB_EPStopXfer
                0x2400f728       0x88 ../../libDaisy/build\libdaisy.a(stm32h7xx_ll_usb.o)
                0x2400f728                USB_EPStopXfer
 .text.USB_WritePacket
                0x2400f7b0       0x2c ../../libDaisy/build\libdaisy.a(stm32h7xx_ll_usb.o)
                0x2400f7b0                USB_WritePacket
 .text.USB_ReadPacket
                0x2400f7dc       0x4c ../../libDaisy/build\libdaisy.a(stm32h7xx_ll_usb.o)
                0x2400f7dc                USB_ReadPacket
 .text.USB_EPSetStall
                0x2400f828       0x68 ../../libDaisy/build\libdaisy.a(stm32h7xx_ll_usb.o)
                0x2400f828                USB_EPSetStall
 .text.USB_EPClearStall
                0x2400f890       0x58 ../../libDaisy/build\libdaisy.a(stm32h7xx_ll_usb.o)
                0x2400f890                USB_EPClearStall
 .text.USB_SetDevAddress
                0x2400f8e8       0x24 ../../libDaisy/build\libdaisy.a(stm32h7xx_ll_usb.o)
                0x2400f8e8                USB_SetDevAddress
 .text.USB_DevConnect
                0x2400f90c       0x20 ../../libDaisy/build\libdaisy.a(stm32h7xx_ll_usb.o)
                0x2400f90c                USB_DevConnect
 .text.USB_DevDisconnect
                0x2400f92c       0x20 ../../libDaisy/build\libdaisy.a(stm32h7xx_ll_usb.o)
                0x2400f92c                USB_DevDisconnect
 .text.USB_ReadInterrupts
                0x2400f94c        0x8 ../../libDaisy/build\libdaisy.a(stm32h7xx_ll_usb.o)
                0x2400f94c                USB_ReadInterrupts
 .text.USB_ReadChInterrupts
                0x2400f954       0x10 ../../libDaisy/build\libdaisy.a(stm32h7xx_ll_usb.o)
                0x2400f954                USB_ReadChInterrupts
 .text.USB_ReadDevAllOutEpInterrupt
                0x2400f964       0x10 ../../libDaisy/build\libdaisy.a(stm32h7xx_ll_usb.o)
                0x2400f964                USB_ReadDevAllOutEpInterrupt
 .text.USB_ReadDevAllInEpInterrupt
                0x2400f974       0x10 ../../libDaisy/build\libdaisy.a(stm32h7xx_ll_usb.o)
                0x2400f974                USB_ReadDevAllInEpInterrupt
 .text.USB_ReadDevOutEPInterrupt
                0x2400f984       0x14 ../../libDaisy/build\libdaisy.a(stm32h7xx_ll_usb.o)
                0x2400f984                USB_ReadDevOutEPInterrupt
 .text.USB_ReadDevInEPInterrupt
                0x2400f998       0x20 ../../libDaisy/build\libdaisy.a(stm32h7xx_ll_usb.o)
                0x2400f998                USB_ReadDevInEPInterrupt
 .text.USB_GetMode
                0x2400f9b8        0x8 ../../libDaisy/build\libdaisy.a(stm32h7xx_ll_usb.o)
                0x2400f9b8                USB_GetMode
 .text.USB_ActivateSetup
                0x2400f9c0       0x2c ../../libDaisy/build\libdaisy.a(stm32h7xx_ll_usb.o)
                0x2400f9c0                USB_ActivateSetup
 .text.USB_EP0_OutStart
                0x2400f9ec       0x58 ../../libDaisy/build\libdaisy.a(stm32h7xx_ll_usb.o)
                0x2400f9ec                USB_EP0_OutStart
 .text.USB_HostInit
                0x2400fa44      0x148 ../../libDaisy/build\libdaisy.a(stm32h7xx_ll_usb.o)
                0x2400fa44                USB_HostInit
 .text.USB_InitFSLSPClkSel
                0x2400fb8c       0x44 ../../libDaisy/build\libdaisy.a(stm32h7xx_ll_usb.o)
                0x2400fb8c                USB_InitFSLSPClkSel
 .text.USB_ResetPort
                0x2400fbd0       0x40 ../../libDaisy/build\libdaisy.a(stm32h7xx_ll_usb.o)
                0x2400fbd0                USB_ResetPort
 .text.USB_DriveVbus
                0x2400fc10       0x50 ../../libDaisy/build\libdaisy.a(stm32h7xx_ll_usb.o)
                0x2400fc10                USB_DriveVbus
 .text.USB_GetHostSpeed
                0x2400fc60       0x18 ../../libDaisy/build\libdaisy.a(stm32h7xx_ll_usb.o)
                0x2400fc60                USB_GetHostSpeed
 .text.USB_GetCurrentFrame
                0x2400fc78        0x8 ../../libDaisy/build\libdaisy.a(stm32h7xx_ll_usb.o)
                0x2400fc78                USB_GetCurrentFrame
 .text.USB_HC_Init
                0x2400fc80      0x17c ../../libDaisy/build\libdaisy.a(stm32h7xx_ll_usb.o)
                0x2400fc80                USB_HC_Init
 .text.USB_HC_StartXfer
                0x2400fdfc      0x17c ../../libDaisy/build\libdaisy.a(stm32h7xx_ll_usb.o)
                0x2400fdfc                USB_HC_StartXfer
 .text.USB_HC_ReadInterrupt
                0x2400ff78        0x8 ../../libDaisy/build\libdaisy.a(stm32h7xx_ll_usb.o)
                0x2400ff78                USB_HC_ReadInterrupt
 .text.USB_HC_Halt
                0x2400ff80       0xe4 ../../libDaisy/build\libdaisy.a(stm32h7xx_ll_usb.o)
                0x2400ff80                USB_HC_Halt
 .text.USB_StopHost
                0x24010064      0x1e4 ../../libDaisy/build\libdaisy.a(stm32h7xx_ll_usb.o)
                0x24010064                USB_StopHost
 .text.USBD_Init
                0x24010248       0x48 ../../libDaisy/build\libdaisy.a(usbd_core.o)
                0x24010248                USBD_Init
 .text.USBD_RegisterClass
                0x24010290       0x50 ../../libDaisy/build\libdaisy.a(usbd_core.o)
                0x24010290                USBD_RegisterClass
 .text.USBD_Start
                0x240102e0        0x4 ../../libDaisy/build\libdaisy.a(usbd_core.o)
                0x240102e0                USBD_Start
 .text.USBD_SetClassConfig
                0x240102e4       0x10 ../../libDaisy/build\libdaisy.a(usbd_core.o)
                0x240102e4                USBD_SetClassConfig
 .text.USBD_ClrClassConfig
                0x240102f4       0x14 ../../libDaisy/build\libdaisy.a(usbd_core.o)
                0x240102f4                USBD_ClrClassConfig
 .text.USBD_LL_SetupStage
                0x24010308       0x60 ../../libDaisy/build\libdaisy.a(usbd_core.o)
                0x24010308                USBD_LL_SetupStage
 .text.USBD_LL_DataOutStage
                0x24010368       0x74 ../../libDaisy/build\libdaisy.a(usbd_core.o)
                0x24010368                USBD_LL_DataOutStage
 .text.USBD_LL_DataInStage
                0x240103dc       0xc0 ../../libDaisy/build\libdaisy.a(usbd_core.o)
                0x240103dc                USBD_LL_DataInStage
 .text.USBD_LL_Reset
                0x2401049c       0x5c ../../libDaisy/build\libdaisy.a(usbd_core.o)
                0x2401049c                USBD_LL_Reset
 .text.USBD_LL_SetSpeed
                0x240104f8        0x8 ../../libDaisy/build\libdaisy.a(usbd_core.o)
                0x240104f8                USBD_LL_SetSpeed
 .text.USBD_LL_Suspend
                0x24010500       0x20 ../../libDaisy/build\libdaisy.a(usbd_core.o)
                0x24010500                USBD_LL_Suspend
 .text.USBD_LL_Resume
                0x24010520       0x18 ../../libDaisy/build\libdaisy.a(usbd_core.o)
                0x24010520                USBD_LL_Resume
 .text.USBD_LL_SOF
                0x24010538       0x20 ../../libDaisy/build\libdaisy.a(usbd_core.o)
                0x24010538                USBD_LL_SOF
 .text.USBD_LL_IsoINIncomplete
                0x24010558       0x2c ../../libDaisy/build\libdaisy.a(usbd_core.o)
                0x24010558                USBD_LL_IsoINIncomplete
 .text.USBD_LL_IsoOUTIncomplete
                0x24010584       0x2c ../../libDaisy/build\libdaisy.a(usbd_core.o)
                0x24010584                USBD_LL_IsoOUTIncomplete
 .text.USBD_LL_DevConnected
                0x240105b0        0x4 ../../libDaisy/build\libdaisy.a(usbd_core.o)
                0x240105b0                USBD_LL_DevConnected
 .text.USBD_LL_DevDisconnected
                0x240105b4       0x24 ../../libDaisy/build\libdaisy.a(usbd_core.o)
                0x240105b4                USBD_LL_DevDisconnected
 .text.USBD_CoreFindIF
                0x240105d8        0x4 ../../libDaisy/build\libdaisy.a(usbd_core.o)
                0x240105d8                USBD_CoreFindIF
 .text.USBD_CoreFindEP
                0x240105dc        0x4 ../../libDaisy/build\libdaisy.a(usbd_core.o)
                0x240105dc                USBD_CoreFindEP
 .text.USBD_StdDevReq
                0x240105e0      0x360 ../../libDaisy/build\libdaisy.a(usbd_ctlreq.o)
                0x240105e0                USBD_StdDevReq
 .text.USBD_StdItfReq
                0x24010940       0x84 ../../libDaisy/build\libdaisy.a(usbd_ctlreq.o)
                0x24010940                USBD_StdItfReq
 .text.USBD_StdEPReq
                0x240109c4      0x160 ../../libDaisy/build\libdaisy.a(usbd_ctlreq.o)
                0x240109c4                USBD_StdEPReq
 .text.USBD_ParseSetupRequest
                0x24010b24       0x18 ../../libDaisy/build\libdaisy.a(usbd_ctlreq.o)
                0x24010b24                USBD_ParseSetupRequest
 .text.USBD_CtlError
                0x24010b3c       0x18 ../../libDaisy/build\libdaisy.a(usbd_ctlreq.o)
                0x24010b3c                USBD_CtlError
 .text.USBD_GetString
                0x24010b54       0x54 ../../libDaisy/build\libdaisy.a(usbd_ctlreq.o)
                0x24010b54                USBD_GetString
 .text.USBD_CtlSendData
                0x24010ba8       0x1c ../../libDaisy/build\libdaisy.a(usbd_ioreq.o)
                0x24010ba8                USBD_CtlSendData
 .text.USBD_CtlContinueSendData
                0x24010bc4       0x14 ../../libDaisy/build\libdaisy.a(usbd_ioreq.o)
                0x24010bc4                USBD_CtlContinueSendData
 .text.USBD_CtlPrepareRx
                0x24010bd8       0x1c ../../libDaisy/build\libdaisy.a(usbd_ioreq.o)
                0x24010bd8                USBD_CtlPrepareRx
 .text.USBD_CtlContinueRx
                0x24010bf4       0x14 ../../libDaisy/build\libdaisy.a(usbd_ioreq.o)
                0x24010bf4                USBD_CtlContinueRx
 .text.USBD_CtlSendStatus
                0x24010c08       0x18 ../../libDaisy/build\libdaisy.a(usbd_ioreq.o)
                0x24010c08                USBD_CtlSendStatus
 .text.USBD_CtlReceiveStatus
                0x24010c20       0x18 ../../libDaisy/build\libdaisy.a(usbd_ioreq.o)
                0x24010c20                USBD_CtlReceiveStatus
 .text._ZN5daisy9UsbHandleD2Ev
                0x24010c38        0x4 ../../libDaisy/build\libdaisy.a(logger.o)
                0x24010c38                daisy::UsbHandle::~UsbHandle()
                0x24010c38                daisy::UsbHandle::~UsbHandle()
 .text.startup._GLOBAL__sub_I__ZN5daisy10LoggerImplILNS_17LoggerDestinationE1EE11usb_handle_E
                0x24010c3c       0x2c ../../libDaisy/build\libdaisy.a(logger.o)
 .text.DummyRxCallback
                0x24010c68        0x4 ../../libDaisy/build\libdaisy.a(usb.o)
                0x24010c68                DummyRxCallback
 .text._ZN5daisy9UsbHandle4InitENS0_9UsbPeriphE
                0x24010c6c      0x10c ../../libDaisy/build\libdaisy.a(usb.o)
                0x24010c6c                daisy::UsbHandle::Init(daisy::UsbHandle::UsbPeriph)
 .text._ZN5daisy9UsbHandle18SetReceiveCallbackEPFvPhPmENS0_9UsbPeriphE
                0x24010d78       0x38 ../../libDaisy/build\libdaisy.a(usb.o)
                0x24010d78                daisy::UsbHandle::SetReceiveCallback(void (*)(unsigned char*, unsigned long*), daisy::UsbHandle::UsbPeriph)
 .text.OTG_FS_EP1_OUT_IRQHandler
                0x24010db0        0xc ../../libDaisy/build\libdaisy.a(usb.o)
                0x24010db0                OTG_FS_EP1_OUT_IRQHandler
 .text.OTG_FS_EP1_IN_IRQHandler
                0x24010dbc        0xc ../../libDaisy/build\libdaisy.a(usb.o)
                0x24010dbc                OTG_FS_EP1_IN_IRQHandler
 .text.OTG_FS_IRQHandler
                0x24010dc8        0xc ../../libDaisy/build\libdaisy.a(usb.o)
                0x24010dc8                OTG_FS_IRQHandler
 .text._ZN5daisy6Random4InitEv
                0x24010dd4       0x3c ../../libDaisy/build\libdaisy.a(rng.o)
                0x24010dd4                daisy::Random::Init()
 .text._ZN5daisy9SpiHandle4Impl7InitDmaEv
                0x24010e10       0xec ../../libDaisy/build\libdaisy.a(spi.o)
                0x24010e10                daisy::SpiHandle::Impl::InitDma()
 .text._ZN5daisy9SpiHandle4Impl10StartDmaTxEPhjPFvPvEPFvS3_NS0_6ResultEES3_
                0x24010efc       0xc8 ../../libDaisy/build\libdaisy.a(spi.o)
                0x24010efc                daisy::SpiHandle::Impl::StartDmaTx(unsigned char*, unsigned int, void (*)(void*), void (*)(void*, daisy::SpiHandle::Result), void*)
 .text._ZN5daisy9SpiHandle4Impl10StartDmaRxEPhjPFvPvEPFvS3_NS0_6ResultEES3_
                0x24010fc4       0xc8 ../../libDaisy/build\libdaisy.a(spi.o)
                0x24010fc4                daisy::SpiHandle::Impl::StartDmaRx(unsigned char*, unsigned int, void (*)(void*), void (*)(void*, daisy::SpiHandle::Result), void*)
 .text._ZN5daisy9SpiHandle4Impl12StartDmaRxTxEPhS2_jPFvPvEPFvS3_NS0_6ResultEES3_
                0x2401108c       0xcc ../../libDaisy/build\libdaisy.a(spi.o)
                0x2401108c                daisy::SpiHandle::Impl::StartDmaRxTx(unsigned char*, unsigned char*, unsigned int, void (*)(void*), void (*)(void*, daisy::SpiHandle::Result), void*)
 .text._ZN5daisy9SpiHandle4Impl8InitPinsEv
                0x24011158      0x25c ../../libDaisy/build\libdaisy.a(spi.o)
                0x24011158                daisy::SpiHandle::Impl::InitPins()
 .text.HAL_SPI_MspInit
                0x240113b4      0x6e8 ../../libDaisy/build\libdaisy.a(spi.o)
                0x240113b4                HAL_SPI_MspInit
 .text.dsy_spi_global_init
                0x24011a9c       0x80 ../../libDaisy/build\libdaisy.a(spi.o)
                0x24011a9c                dsy_spi_global_init
 .text.SPI1_IRQHandler
                0x24011b1c        0xc ../../libDaisy/build\libdaisy.a(spi.o)
                0x24011b1c                SPI1_IRQHandler
 .text.SPI2_IRQHandler
                0x24011b28        0xc ../../libDaisy/build\libdaisy.a(spi.o)
                0x24011b28                SPI2_IRQHandler
 .text.SPI3_IRQHandler
                0x24011b34        0xc ../../libDaisy/build\libdaisy.a(spi.o)
                0x24011b34                SPI3_IRQHandler
 .text.SPI4_IRQHandler
                0x24011b40        0xc ../../libDaisy/build\libdaisy.a(spi.o)
                0x24011b40                SPI4_IRQHandler
 .text.SPI5_IRQHandler
                0x24011b4c        0xc ../../libDaisy/build\libdaisy.a(spi.o)
                0x24011b4c                SPI5_IRQHandler
 .text.DMA2_Stream2_IRQHandler
                0x24011b58       0x34 ../../libDaisy/build\libdaisy.a(spi.o)
                0x24011b58                DMA2_Stream2_IRQHandler
 .text.DMA2_Stream3_IRQHandler
                0x24011b8c       0x38 ../../libDaisy/build\libdaisy.a(spi.o)
                0x24011b8c                DMA2_Stream3_IRQHandler
 .text.HAL_SPI_TxCpltCallback
                0x24011bc4       0xc4 ../../libDaisy/build\libdaisy.a(spi.o)
                0x24011bc4                HAL_SPI_TxCpltCallback
 .text.HAL_SPI_RxCpltCallback
                0x24011c88       0xc4 ../../libDaisy/build\libdaisy.a(spi.o)
                0x24011c88                HAL_SPI_RxCpltCallback
 .text.HAL_SPI_TxRxCpltCallback
                0x24011d4c       0xc4 ../../libDaisy/build\libdaisy.a(spi.o)
                0x24011d4c                HAL_SPI_TxRxCpltCallback
 .text.HAL_SPI_ErrorCallback
                0x24011e10       0xc8 ../../libDaisy/build\libdaisy.a(spi.o)
                0x24011e10                HAL_SPI_ErrorCallback
 .text.startup._GLOBAL__sub_I__Z19MapInstanceToHandleP11SPI_TypeDef
                0x24011ed8      0x1d8 ../../libDaisy/build\libdaisy.a(spi.o)
 .text._ZL20UART_CheckRxListenerPN5daisy11UartHandler4ImplE
                0x240120b0       0x84 ../../libDaisy/build\libdaisy.a(uart.o)
 .text._ZN5daisy11UartHandler4Impl10StartDmaTxEPhjPFvPvEPFvS3_NS0_6ResultEES3_
                0x24012134      0x184 ../../libDaisy/build\libdaisy.a(uart.o)
                0x24012134                daisy::UartHandler::Impl::StartDmaTx(unsigned char*, unsigned int, void (*)(void*), void (*)(void*, daisy::UartHandler::Result), void*)
 .text._ZN5daisy11UartHandler4Impl10StartDmaRxEPhjPFvPvEPFvS3_NS0_6ResultEES3_
                0x240122b8      0x184 ../../libDaisy/build\libdaisy.a(uart.o)
                0x240122b8                daisy::UartHandler::Impl::StartDmaRx(unsigned char*, unsigned int, void (*)(void*), void (*)(void*, daisy::UartHandler::Result), void*)
 .text._ZN5daisy11UartHandler4Impl19DmaTransferFinishedEP20__UART_HandleTypeDefNS0_6ResultE
                0x2401243c       0xc0 ../../libDaisy/build\libdaisy.a(uart.o)
                0x2401243c                daisy::UartHandler::Impl::DmaTransferFinished(__UART_HandleTypeDef*, daisy::UartHandler::Result)
 .text._ZN5daisy11UartHandler4Impl8InitPinsEv
                0x240124fc      0x148 ../../libDaisy/build\libdaisy.a(uart.o)
                0x240124fc                daisy::UartHandler::Impl::InitPins()
 .text.HAL_UART_MspInit
                0x24012644      0x4b4 ../../libDaisy/build\libdaisy.a(uart.o)
                0x24012644                HAL_UART_MspInit
 .text.dsy_uart_global_init
                0x24012af8      0x110 ../../libDaisy/build\libdaisy.a(uart.o)
                0x24012af8                dsy_uart_global_init
 .text.USART1_IRQHandler
                0x24012c08       0x2c ../../libDaisy/build\libdaisy.a(uart.o)
                0x24012c08                USART1_IRQHandler
 .text.USART2_IRQHandler
                0x24012c34       0x34 ../../libDaisy/build\libdaisy.a(uart.o)
                0x24012c34                USART2_IRQHandler
 .text.USART3_IRQHandler
                0x24012c68       0x34 ../../libDaisy/build\libdaisy.a(uart.o)
                0x24012c68                USART3_IRQHandler
 .text.UART4_IRQHandler
                0x24012c9c       0x34 ../../libDaisy/build\libdaisy.a(uart.o)
                0x24012c9c                UART4_IRQHandler
 .text.UART5_IRQHandler
                0x24012cd0       0x34 ../../libDaisy/build\libdaisy.a(uart.o)
                0x24012cd0                UART5_IRQHandler
 .text.USART6_IRQHandler
                0x24012d04       0x34 ../../libDaisy/build\libdaisy.a(uart.o)
                0x24012d04                USART6_IRQHandler
 .text.UART7_IRQHandler
                0x24012d38       0x34 ../../libDaisy/build\libdaisy.a(uart.o)
                0x24012d38                UART7_IRQHandler
 .text.UART8_IRQHandler
                0x24012d6c       0x34 ../../libDaisy/build\libdaisy.a(uart.o)
                0x24012d6c                UART8_IRQHandler
 .text.LPUART1_IRQHandler
                0x24012da0       0x34 ../../libDaisy/build\libdaisy.a(uart.o)
                0x24012da0                LPUART1_IRQHandler
 .text.DMA1_Stream5_IRQHandler
                0x24012dd4       0x34 ../../libDaisy/build\libdaisy.a(uart.o)
                0x24012dd4                DMA1_Stream5_IRQHandler
 .text.DMA2_Stream4_IRQHandler
                0x24012e08       0x38 ../../libDaisy/build\libdaisy.a(uart.o)
                0x24012e08                DMA2_Stream4_IRQHandler
 .text.HAL_UART_TxCpltCallback
                0x24012e40        0x8 ../../libDaisy/build\libdaisy.a(uart.o)
                0x24012e40                HAL_UART_TxCpltCallback
 .text.HAL_UART_RxCpltCallback
                0x24012e48       0x94 ../../libDaisy/build\libdaisy.a(uart.o)
                0x24012e48                HAL_UART_RxCpltCallback
 .text.HAL_UART_RxHalfCpltCallback
                0x24012edc       0x90 ../../libDaisy/build\libdaisy.a(uart.o)
                0x24012edc                HAL_UART_RxHalfCpltCallback
 .text.HAL_UART_ErrorCallback
                0x24012f6c       0x94 ../../libDaisy/build\libdaisy.a(uart.o)
                0x24012f6c                HAL_UART_ErrorCallback
 .text.startup._GLOBAL__sub_I__Z19MapInstanceToHandleP13USART_TypeDef
                0x24013000      0x1b0 ../../libDaisy/build\libdaisy.a(uart.o)
 .text.dsy_dma_init
                0x240131b0      0x100 ../../libDaisy/build\libdaisy.a(dma.o)
                0x240131b0                dsy_dma_init
 .text.dsy_dma_invalidate_cache_for_buffer
                0x240132b0       0x2c ../../libDaisy/build\libdaisy.a(dma.o)